Archive member included to satisfy reference by file (symbol)

C:/Users/SeigoSakaki/SimplicityStudio/SDKs/gecko_sdk//platform/radio/rail_lib/autogen/librail_release/librail_efr32xg23_gcc_release.a(rail_zwave_rf_hal.o)
                              ./gecko_sdk_4.4.6/platform/radio/rail_lib/plugin/rail_util_protocol/sl_rail_util_protocol.o (RAIL_ZWAVE_REGION_EU)
C:/Users/SeigoSakaki/SimplicityStudio/SDKs/gecko_sdk//platform/radio/rail_lib/autogen/librail_release/librail_efr32xg23_gcc_release.a(rfhal_ircal.o)
                              C:/Users/SeigoSakaki/SimplicityStudio/SDKs/gecko_sdk//platform/radio/rail_lib/autogen/librail_release/librail_efr32xg23_gcc_release.a(rail_zwave_rf_hal.o) (RAILINT_cfa5a467c37a5670581316d9a449dab5)
C:/Users/SeigoSakaki/SimplicityStudio/SDKs/gecko_sdk//platform/radio/rail_lib/autogen/librail_release/librail_efr32xg23_gcc_release.a(rfhal_antenna.o)
                              C:/Users/SeigoSakaki/SimplicityStudio/SDKs/gecko_sdk//platform/radio/rail_lib/autogen/librail_release/librail_efr32xg23_gcc_release.a(rfhal_ircal.o) (RAILINT_7c4474e9c252fd93501bbf7d6298f3d3)
C:/Users/SeigoSakaki/SimplicityStudio/SDKs/gecko_sdk//platform/radio/rail_lib/autogen/librail_release/librail_efr32xg23_gcc_release.a(rfhal_bufc.o)
                              C:/Users/SeigoSakaki/SimplicityStudio/SDKs/gecko_sdk//platform/radio/rail_lib/autogen/librail_release/librail_efr32xg23_gcc_release.a(rfhal_ircal.o) (RAILINT_6281eecc9c4ea6e1ecc523be2e1d48d2)
C:/Users/SeigoSakaki/SimplicityStudio/SDKs/gecko_sdk//platform/radio/rail_lib/autogen/librail_release/librail_efr32xg23_gcc_release.a(rfhal_pa.o)
                              C:/Users/SeigoSakaki/SimplicityStudio/SDKs/gecko_sdk//platform/radio/rail_lib/autogen/librail_release/librail_efr32xg23_gcc_release.a(rail_zwave_rf_hal.o) (RAILINT_4afebab4d21eb082c7788c52f582aebd)
C:/Users/SeigoSakaki/SimplicityStudio/SDKs/gecko_sdk//platform/radio/rail_lib/autogen/librail_release/librail_efr32xg23_gcc_release.a(rfhal_protimer.o)
                              C:/Users/SeigoSakaki/SimplicityStudio/SDKs/gecko_sdk//platform/radio/rail_lib/autogen/librail_release/librail_efr32xg23_gcc_release.a(rfhal_ircal.o) (RAILINT_2223a417874d3df58e7836e188fbd679)
C:/Users/SeigoSakaki/SimplicityStudio/SDKs/gecko_sdk//platform/radio/rail_lib/autogen/librail_release/librail_efr32xg23_gcc_release.a(rfhal_radio.o)
                              C:/Users/SeigoSakaki/SimplicityStudio/SDKs/gecko_sdk//platform/radio/rail_lib/autogen/librail_release/librail_efr32xg23_gcc_release.a(rail_zwave_rf_hal.o) (RAILINT_218cde0c3f45a7d04cd5b221c6c89ad2)
C:/Users/SeigoSakaki/SimplicityStudio/SDKs/gecko_sdk//platform/radio/rail_lib/autogen/librail_release/librail_efr32xg23_gcc_release.a(rfhal_synth.o)
                              C:/Users/SeigoSakaki/SimplicityStudio/SDKs/gecko_sdk//platform/radio/rail_lib/autogen/librail_release/librail_efr32xg23_gcc_release.a(rfhal_ircal.o) (RAILINT_9e306f55d2f3c85a26d2a5212585345f)
C:/Users/SeigoSakaki/SimplicityStudio/SDKs/gecko_sdk//platform/radio/rail_lib/autogen/librail_release/librail_efr32xg23_gcc_release.a(rfhal_timings.o)
                              C:/Users/SeigoSakaki/SimplicityStudio/SDKs/gecko_sdk//platform/radio/rail_lib/autogen/librail_release/librail_efr32xg23_gcc_release.a(rfhal_pa.o) (RAILINT_06b1ea13261364007801a74aa7e1e357)
C:/Users/SeigoSakaki/SimplicityStudio/SDKs/gecko_sdk//platform/radio/rail_lib/autogen/librail_release/librail_efr32xg23_gcc_release.a(seq_globals.o)
                              C:/Users/SeigoSakaki/SimplicityStudio/SDKs/gecko_sdk//platform/radio/rail_lib/autogen/librail_release/librail_efr32xg23_gcc_release.a(rfhal_radio.o) (RAILINT_9743c96ef075be688881e5d1e5667476)
C:/Users/SeigoSakaki/SimplicityStudio/SDKs/gecko_sdk//platform/radio/rail_lib/autogen/librail_release/librail_efr32xg23_gcc_release.a(generic_phy.o)
                              C:/Users/SeigoSakaki/SimplicityStudio/SDKs/gecko_sdk//platform/radio/rail_lib/autogen/librail_release/librail_efr32xg23_gcc_release.a(rail_zwave_rf_hal.o) (RAILINT_e56520736dccfc6b4febe00b533ea27a)
C:/Users/SeigoSakaki/SimplicityStudio/SDKs/gecko_sdk//platform/radio/rail_lib/autogen/librail_release/librail_efr32xg23_gcc_release.a(generic_efr32xg23_release_seq.o)
                              C:/Users/SeigoSakaki/SimplicityStudio/SDKs/gecko_sdk//platform/radio/rail_lib/autogen/librail_release/librail_efr32xg23_gcc_release.a(rfhal_radio.o) (RAILINT_92778c07306e92722c65f3193fdf1096)
C:/Users/SeigoSakaki/SimplicityStudio/SDKs/gecko_sdk//platform/radio/rail_lib/autogen/librail_release/librail_efr32xg23_gcc_release.a(zwave_efr32xg23_configurator_out.o)
                              C:/Users/SeigoSakaki/SimplicityStudio/SDKs/gecko_sdk//platform/radio/rail_lib/autogen/librail_release/librail_efr32xg23_gcc_release.a(rail_zwave_rf_hal.o) (RAILINT_a2d9bf5b318689840b919f604b0e95b4)
[...]
Memory Configuration

Name             Origin             Length             Attributes
FLASH            0x08000000         0x0007e000         xr
RAM              0x20000000         0x00010000         xrw
*default*        0x00000000         0xffffffff

Linker script and memory map

LOAD c:/siliconlabs/simplicitystudio/v5/developer/toolchains/gnu_arm/12.2.rel1_2023.7/bin/../lib/gcc/arm-none-eabi/12.2.1/thumb/v8-m.main+fp/hard/crti.o
LOAD c:/siliconlabs/simplicitystudio/v5/developer/toolchains/gnu_arm/12.2.rel1_2023.7/bin/../lib/gcc/arm-none-eabi/12.2.1/thumb/v8-m.main+fp/hard/crtbegin.o
LOAD c:/siliconlabs/simplicitystudio/v5/developer/toolchains/gnu_arm/12.2.rel1_2023.7/bin/../lib/gcc/arm-none-eabi/12.2.1/thumb/v8-m.main+fp/hard/crt0.o
START GROUP
LOAD ./app_init.o
LOAD ./app_process.o
LOAD ./main.o
LOAD ./autogen/rail_config.o
LOAD ./autogen/sl_device_init_clocks.o
LOAD ./autogen/sl_event_handler.o
LOAD ./autogen/sl_iostream_handles.o
LOAD ./autogen/sl_iostream_init_eusart_instances.o
LOAD ./autogen/sl_rail_util_callbacks.o
LOAD ./autogen/sl_rail_util_init.o
LOAD ./autogen/sl_uartdrv_init.o
LOAD ./gecko_sdk_4.4.6/platform/Device/SiliconLabs/EFR32FG23/Source/startup_efr32fg23.o
LOAD ./gecko_sdk_4.4.6/platform/Device/SiliconLabs/EFR32FG23/Source/system_efr32fg23.o
LOAD ./gecko_sdk_4.4.6/platform/common/src/sl_assert.o
LOAD ./gecko_sdk_4.4.6/platform/common/src/sl_slist.o
LOAD ./gecko_sdk_4.4.6/platform/common/src/sl_string.o
LOAD ./gecko_sdk_4.4.6/platform/common/src/sl_syscalls.o
LOAD ./gecko_sdk_4.4.6/platform/common/toolchain/src/sl_memory.o
LOAD ./gecko_sdk_4.4.6/platform/emdrv/dmadrv/src/dmadrv.o
LOAD ./gecko_sdk_4.4.6/platform/emdrv/gpiointerrupt/src/gpiointerrupt.o
LOAD ./gecko_sdk_4.4.6/platform/emdrv/uartdrv/src/uartdrv.o
LOAD ./gecko_sdk_4.4.6/platform/emlib/src/em_burtc.o
LOAD ./gecko_sdk_4.4.6/platform/emlib/src/em_cmu.o
LOAD ./gecko_sdk_4.4.6/platform/emlib/src/em_core.o
LOAD ./gecko_sdk_4.4.6/platform/emlib/src/em_emu.o
LOAD ./gecko_sdk_4.4.6/platform/emlib/src/em_eusart.o
LOAD ./gecko_sdk_4.4.6/platform/emlib/src/em_gpio.o
LOAD ./gecko_sdk_4.4.6/platform/emlib/src/em_iadc.o
LOAD ./gecko_sdk_4.4.6/platform/emlib/src/em_ldma.o
LOAD ./gecko_sdk_4.4.6/platform/emlib/src/em_msc.o
LOAD ./gecko_sdk_4.4.6/platform/emlib/src/em_prs.o
LOAD ./gecko_sdk_4.4.6/platform/emlib/src/em_system.o
LOAD ./gecko_sdk_4.4.6/platform/emlib/src/em_timer.o
LOAD ./gecko_sdk_4.4.6/platform/emlib/src/em_usart.o
LOAD ./gecko_sdk_4.4.6/platform/peripheral/src/peripheral_sysrtc.o
LOAD ./gecko_sdk_4.4.6/platform/radio/rail_lib/plugin/pa-conversions/pa_conversions_efr32.o
LOAD ./gecko_sdk_4.4.6/platform/radio/rail_lib/plugin/pa-conversions/pa_curves_efr32.o
LOAD ./gecko_sdk_4.4.6/platform/radio/rail_lib/plugin/rail_util_protocol/sl_rail_util_protocol.o
LOAD ./gecko_sdk_4.4.6/platform/radio/rail_lib/plugin/rail_util_pti/sl_rail_util_pti.o
LOAD ./gecko_sdk_4.4.6/platform/radio/rail_lib/plugin/rail_util_rssi/sl_rail_util_rssi.o
LOAD ./gecko_sdk_4.4.6/platform/service/device_init/src/sl_device_init_dcdc_s2.o
LOAD ./gecko_sdk_4.4.6/platform/service/device_init/src/sl_device_init_emu_s2.o
LOAD ./gecko_sdk_4.4.6/platform/service/device_init/src/sl_device_init_hfxo_s2.o
LOAD ./gecko_sdk_4.4.6/platform/service/device_init/src/sl_device_init_nvic.o
LOAD ./gecko_sdk_4.4.6/platform/service/iostream/src/sl_iostream.o
LOAD ./gecko_sdk_4.4.6/platform/service/iostream/src/sl_iostream_eusart.o
LOAD ./gecko_sdk_4.4.6/platform/service/iostream/src/sl_iostream_retarget_stdio.o
LOAD ./gecko_sdk_4.4.6/platform/service/iostream/src/sl_iostream_uart.o
LOAD ./gecko_sdk_4.4.6/platform/service/mpu/src/sl_mpu.o
LOAD ./gecko_sdk_4.4.6/platform/service/sleeptimer/src/sl_sleeptimer.o
LOAD ./gecko_sdk_4.4.6/platform/service/sleeptimer/src/sl_sleeptimer_hal_burtc.o
LOAD ./gecko_sdk_4.4.6/platform/service/sleeptimer/src/sl_sleeptimer_hal_sysrtc.o
LOAD ./gecko_sdk_4.4.6/platform/service/sleeptimer/src/sl_sleeptimer_hal_timer.o
LOAD ./gecko_sdk_4.4.6/platform/service/system/src/sl_system_init.o
LOAD ./gecko_sdk_4.4.6/platform/service/system/src/sl_system_process_action.o
LOAD ./gecko_sdk_4.4.6/platform/service/udelay/src/sl_udelay.o
LOAD ./gecko_sdk_4.4.6/platform/service/udelay/src/sl_udelay_armv6m_gcc.o
LOAD C:/Users/SeigoSakaki/SimplicityStudio/SDKs/gecko_sdk//platform/radio/rail_lib/autogen/librail_release/librail_efr32xg23_gcc_release.a
LOAD c:/siliconlabs/simplicitystudio/v5/developer/toolchains/gnu_arm/12.2.rel1_2023.7/bin/../lib/gcc/arm-none-eabi/12.2.1/thumb/v8-m.main+fp/hard\libgcc.a
LOAD c:/siliconlabs/simplicitystudio/v5/developer/toolchains/gnu_arm/12.2.rel1_2023.7/bin/../lib/gcc/arm-none-eabi/12.2.1/thumb/v8-m.main+fp/hard\libc_nano.a
LOAD c:/siliconlabs/simplicitystudio/v5/developer/toolchains/gnu_arm/12.2.rel1_2023.7/bin/../lib/gcc/arm-none-eabi/12.2.1/thumb/v8-m.main+fp/hard\libm.a
LOAD c:/siliconlabs/simplicitystudio/v5/developer/toolchains/gnu_arm/12.2.rel1_2023.7/bin/../lib/gcc/arm-none-eabi/12.2.1/thumb/v8-m.main+fp/hard\libnosys.a
END GROUP
START GROUP
LOAD c:/siliconlabs/simplicitystudio/v5/developer/toolchains/gnu_arm/12.2.rel1_2023.7/bin/../lib/gcc/arm-none-eabi/12.2.1/thumb/v8-m.main+fp/hard\libgcc.a
LOAD c:/siliconlabs/simplicitystudio/v5/developer/toolchains/gnu_arm/12.2.rel1_2023.7/bin/../lib/gcc/arm-none-eabi/12.2.1/thumb/v8-m.main+fp/hard\libc_nano.a
LOAD c:/siliconlabs/simplicitystudio/v5/developer/toolchains/gnu_arm/12.2.rel1_2023.7/bin/../lib/gcc/arm-none-eabi/12.2.1/thumb/v8-m.main+fp/hard\libnosys.a
END GROUP
START GROUP
LOAD c:/siliconlabs/simplicitystudio/v5/developer/toolchains/gnu_arm/12.2.rel1_2023.7/bin/../lib/gcc/arm-none-eabi/12.2.1/thumb/v8-m.main+fp/hard\libgcc.a
LOAD c:/siliconlabs/simplicitystudio/v5/developer/toolchains/gnu_arm/12.2.rel1_2023.7/bin/../lib/gcc/arm-none-eabi/12.2.1/thumb/v8-m.main+fp/hard\libg_nano.a
LOAD c:/siliconlabs/simplicitystudio/v5/developer/toolchains/gnu_arm/12.2.rel1_2023.7/bin/../lib/gcc/arm-none-eabi/12.2.1/thumb/v8-m.main+fp/hard\libc_nano.a
END GROUP
START GROUP
LOAD c:/siliconlabs/simplicitystudio/v5/developer/toolchains/gnu_arm/12.2.rel1_2023.7/bin/../lib/gcc/arm-none-eabi/12.2.1/thumb/v8-m.main+fp/hard\libgcc.a
LOAD c:/siliconlabs/simplicitystudio/v5/developer/toolchains/gnu_arm/12.2.rel1_2023.7/bin/../lib/gcc/arm-none-eabi/12.2.1/thumb/v8-m.main+fp/hard\libc_nano.a
END GROUP
LOAD c:/siliconlabs/simplicitystudio/v5/developer/toolchains/gnu_arm/12.2.rel1_2023.7/bin/../lib/gcc/arm-none-eabi/12.2.1/thumb/v8-m.main+fp/hard/crtend.o
LOAD c:/siliconlabs/simplicitystudio/v5/developer/toolchains/gnu_arm/12.2.rel1_2023.7/bin/../lib/gcc/arm-none-eabi/12.2.1/thumb/v8-m.main+fp/hard/crtn.o

.text           0x08000000    0x11a24
                0x08000000                linker_vectors_begin = .
 *(.vectors)
 .vectors       0x08000000      0x170 ./gecko_sdk_4.4.6/platform/Device/SiliconLabs/EFR32FG23/Source/startup_efr32fg23.o
                0x08000000                __Vectors
                0x08000170                linker_vectors_end = .
                0x08000170                __Vectors_End = .
                0x08000170                __Vectors_Size = (__Vectors_End - __Vectors)
                0x08000170                linker_code_begin = .
 *(SORT_BY_ALIGNMENT(.text*))
 .text          0x08000170        0x8 ./gecko_sdk_4.4.6/platform/service/udelay/src/sl_udelay_armv6m_gcc.o
                0x08000170                sli_delay_loop
 .text.deregister_tm_clones
                0x08000178       0x1c c:/siliconlabs/simplicitystudio/v5/developer/toolchains/gnu_arm/12.2.rel1_2023.7/bin/../lib/gcc/arm-none-eabi/12.2.1/thumb/v8-m.main+fp/hard/crtbegin.o
 .text.register_tm_clones
                0x08000194       0x28 c:/siliconlabs/simplicitystudio/v5/developer/toolchains/gnu_arm/12.2.rel1_2023.7/bin/../lib/gcc/arm-none-eabi/12.2.1/thumb/v8-m.main+fp/hard/crtbegin.o
 .text.__do_global_dtors_aux
                0x080001bc       0x28 c:/siliconlabs/simplicitystudio/v5/developer/toolchains/gnu_arm/12.2.rel1_2023.7/bin/../lib/gcc/arm-none-eabi/12.2.1/thumb/v8-m.main+fp/hard/crtbegin.o
 .text.frame_dummy
                0x080001e4       0x24 c:/siliconlabs/simplicitystudio/v5/developer/toolchains/gnu_arm/12.2.rel1_2023.7/bin/../lib/gcc/arm-none-eabi/12.2.1/thumb/v8-m.main+fp/hard/crtbegin.o
 .text          0x08000208       0x7c c:/siliconlabs/simplicitystudio/v5/developer/toolchains/gnu_arm/12.2.rel1_2023.7/bin/../lib/gcc/arm-none-eabi/12.2.1/thumb/v8-m.main+fp/hard/crt0.o
                0x08000208                _stack_init
                0x08000210                _start
                0x08000210                _mainCRTStartup
 .text.app_init
                0x08000284       0x18 ./app_init.o
                0x08000284                app_init
 .text.app_process_action
                0x0800029c       0x18 ./app_process.o
                0x0800029c                app_process_action
 .text.main     0x080002b4       0x20 ./main.o
                0x080002b4                main
 .text.sl_device_init_clocks
                0x080002d4       0xb0 ./autogen/sl_device_init_clocks.o
                0x080002d4                sl_device_init_clocks
 .text.CHIP_Init
                0x08000384       0x7c ./autogen/sl_event_handler.o
 .text.sl_iostream_eusart_init_inst
                0x08000400       0xb0 ./autogen/sl_iostream_init_eusart_instances.o
                0x08000400                sl_iostream_eusart_init_inst
 .text.EUSART1_TX_IRQHandler
                0x080004b0       0x10 ./autogen/sl_iostream_init_eusart_instances.o
                0x080004b0                EUSART1_TX_IRQHandler
 .text.EUSART1_RX_IRQHandler
                0x080004c0       0x10 ./autogen/sl_iostream_init_eusart_instances.o
                0x080004c0                EUSART1_RX_IRQHandler
 .text.sl_rail_util_init_inst0
                0x080004d0       0xc0 ./autogen/sl_rail_util_init.o
 .text.sl_rail_util_get_handle
                0x08000590       0x1c ./autogen/sl_rail_util_init.o
                0x08000590                sl_rail_util_get_handle
 .text.sl_uartdrv_set_default
                0x080005ac       0x14 ./autogen/sl_uartdrv_init.o
                0x080005ac                sl_uartdrv_set_default
 .text.sl_uartdrv_init_instances
                0x080005c0       0x1c ./autogen/sl_uartdrv_init.o
                0x080005c0                sl_uartdrv_init_instances
 .text.CopyRamFuncs
                0x080005dc       0x20 ./gecko_sdk_4.4.6/platform/Device/SiliconLabs/EFR32FG23/Source/startup_efr32fg23.o
                0x080005dc                CopyRamFuncs
 .text.Reset_Handler
                0x080005fc       0x64 ./gecko_sdk_4.4.6/platform/Device/SiliconLabs/EFR32FG23/Source/startup_efr32fg23.o
                0x080005fc                Reset_Handler
 .text.SystemInit
                0x08000660       0x6c ./gecko_sdk_4.4.6/platform/Device/SiliconLabs/EFR32FG23/Source/system_efr32fg23.o
                0x08000660                SystemInit
 .text.SystemHFRCODPLLClockGet
                0x080006cc        0xc ./gecko_sdk_4.4.6/platform/Device/SiliconLabs/EFR32FG23/Source/system_efr32fg23.o
                0x080006cc                SystemHFRCODPLLClockGet
 .text.SystemSYSCLKGet
                0x080006d8       0x34 ./gecko_sdk_4.4.6/platform/Device/SiliconLabs/EFR32FG23/Source/system_efr32fg23.o
                0x080006d8                SystemSYSCLKGet
 .text.SystemHCLKGet
                0x0800070c       0x24 ./gecko_sdk_4.4.6/platform/Device/SiliconLabs/EFR32FG23/Source/system_efr32fg23.o
                0x0800070c                SystemHCLKGet
 .text.SystemMaxCoreClockGet
                0x08000730        0x8 ./gecko_sdk_4.4.6/platform/Device/SiliconLabs/EFR32FG23/Source/system_efr32fg23.o
                0x08000730                SystemMaxCoreClockGet
 .text.SystemHFXOClockGet
                0x08000738        0xc ./gecko_sdk_4.4.6/platform/Device/SiliconLabs/EFR32FG23/Source/system_efr32fg23.o
                0x08000738                SystemHFXOClockGet
 .text.SystemHFXOClockSet
                0x08000744       0x24 ./gecko_sdk_4.4.6/platform/Device/SiliconLabs/EFR32FG23/Source/system_efr32fg23.o
                0x08000744                SystemHFXOClockSet
 .text.SystemFSRCOClockGet
                0x08000768        0x8 ./gecko_sdk_4.4.6/platform/Device/SiliconLabs/EFR32FG23/Source/system_efr32fg23.o
                0x08000768                SystemFSRCOClockGet
 .text.SystemHFRCOEM23ClockGet
                0x08000770       0x88 ./gecko_sdk_4.4.6/platform/Device/SiliconLabs/EFR32FG23/Source/system_efr32fg23.o
                0x08000770                SystemHFRCOEM23ClockGet
 .text.SystemLFXOClockGet
                0x080007f8        0xc ./gecko_sdk_4.4.6/platform/Device/SiliconLabs/EFR32FG23/Source/system_efr32fg23.o
                0x080007f8                SystemLFXOClockGet
 .text._sbrk    0x08000804       0x24 ./gecko_sdk_4.4.6/platform/common/toolchain/src/sl_memory.o
                0x08000804                _sbrk
 .text.StartTransfer
                0x08000828      0x1c0 ./gecko_sdk_4.4.6/platform/emdrv/dmadrv/src/dmadrv.o
 .text.DMADRV_AllocateChannel
                0x080009e8       0x64 ./gecko_sdk_4.4.6/platform/emdrv/dmadrv/src/dmadrv.o
                0x080009e8                DMADRV_AllocateChannel
 .text.DMADRV_DeInit
                0x08000a4c       0x4c ./gecko_sdk_4.4.6/platform/emdrv/dmadrv/src/dmadrv.o
                0x08000a4c                DMADRV_DeInit
 .text.DMADRV_FreeChannel
                0x08000a98       0x54 ./gecko_sdk_4.4.6/platform/emdrv/dmadrv/src/dmadrv.o
                0x08000a98                DMADRV_FreeChannel
 .text.DMADRV_Init
                0x08000aec       0x64 ./gecko_sdk_4.4.6/platform/emdrv/dmadrv/src/dmadrv.o
                0x08000aec                DMADRV_Init
 .text.DMADRV_PauseTransfer
                0x08000b50       0x40 ./gecko_sdk_4.4.6/platform/emdrv/dmadrv/src/dmadrv.o
                0x08000b50                DMADRV_PauseTransfer
 .text.DMADRV_ResumeTransfer
                0x08000b90       0x40 ./gecko_sdk_4.4.6/platform/emdrv/dmadrv/src/dmadrv.o
                0x08000b90                DMADRV_ResumeTransfer
 .text.DMADRV_StopTransfer
                0x08000bd0       0x40 ./gecko_sdk_4.4.6/platform/emdrv/dmadrv/src/dmadrv.o
                0x08000bd0                DMADRV_StopTransfer
 .text.DMADRV_TransferActive
                0x08000c10       0x60 ./gecko_sdk_4.4.6/platform/emdrv/dmadrv/src/dmadrv.o
                0x08000c10                DMADRV_TransferActive
 .text.DMADRV_TransferCompletePending
                0x08000c70       0x5c ./gecko_sdk_4.4.6/platform/emdrv/dmadrv/src/dmadrv.o
                0x08000c70                DMADRV_TransferCompletePending
 .text.DMADRV_TransferDone
                0x08000ccc       0x48 ./gecko_sdk_4.4.6/platform/emdrv/dmadrv/src/dmadrv.o
                0x08000ccc                DMADRV_TransferDone
 .text.LDMA_IRQHandler
                0x08000d14       0x78 ./gecko_sdk_4.4.6/platform/emdrv/dmadrv/src/dmadrv.o
                0x08000d14                LDMA_IRQHandler
 .text.GPIOINT_IRQDispatcher
                0x08000d8c       0x4c ./gecko_sdk_4.4.6/platform/emdrv/gpiointerrupt/src/gpiointerrupt.o
 .text.GPIOINT_Init
                0x08000dd8       0x30 ./gecko_sdk_4.4.6/platform/emdrv/gpiointerrupt/src/gpiointerrupt.o
                0x08000dd8                GPIOINT_Init
 .text.GPIOINT_CallbackRegister
                0x08000e08       0x20 ./gecko_sdk_4.4.6/platform/emdrv/gpiointerrupt/src/gpiointerrupt.o
                0x08000e08                GPIOINT_CallbackRegister
 .text.GPIO_EVEN_IRQHandler
                0x08000e28       0x28 ./gecko_sdk_4.4.6/platform/emdrv/gpiointerrupt/src/gpiointerrupt.o
                0x08000e28                GPIO_EVEN_IRQHandler
 .text.GPIO_ODD_IRQHandler
                0x08000e50       0x28 ./gecko_sdk_4.4.6/platform/emdrv/gpiointerrupt/src/gpiointerrupt.o
                0x08000e50                GPIO_ODD_IRQHandler
 .text.HwFcCtsIrqGetDrvHandle
                0x08000e78       0x24 ./gecko_sdk_4.4.6/platform/emdrv/uartdrv/src/uartdrv.o
 .text.HwFcGetClearToSendPin
                0x08000e9c       0x2c ./gecko_sdk_4.4.6/platform/emdrv/uartdrv/src/uartdrv.o
 .text.CheckParams
                0x08000ec8       0x28 ./gecko_sdk_4.4.6/platform/emdrv/uartdrv/src/uartdrv.o
 .text.addHandle
                0x08000ef0       0x64 ./gecko_sdk_4.4.6/platform/emdrv/uartdrv/src/uartdrv.o
 .text.InitializeDma
                0x08000f54       0x30 ./gecko_sdk_4.4.6/platform/emdrv/uartdrv/src/uartdrv.o
 .text.UARTDRV_PauseTransmit
                0x08000f84       0x34 ./gecko_sdk_4.4.6/platform/emdrv/uartdrv/src/uartdrv.o
                0x08000f84                UARTDRV_PauseTransmit
 .text.UARTDRV_ResumeTransmit
                0x08000fb8       0x48 ./gecko_sdk_4.4.6/platform/emdrv/uartdrv/src/uartdrv.o
                0x08000fb8                UARTDRV_ResumeTransmit
 .text.FcApplyState
                0x08001000       0xc4 ./gecko_sdk_4.4.6/platform/emdrv/uartdrv/src/uartdrv.o
 .text.InitializeGpioFlowControl
                0x080010c4       0x28 ./gecko_sdk_4.4.6/platform/emdrv/uartdrv/src/uartdrv.o
 .text.UARTDRV_InitEuart
                0x080010ec      0x23c ./gecko_sdk_4.4.6/platform/emdrv/uartdrv/src/uartdrv.o
                0x080010ec                UARTDRV_InitEuart
 .text.rhclkPrescMax
                0x08001328       0x10 ./gecko_sdk_4.4.6/platform/emlib/src/em_cmu.o
 .text.em01GrpaClkGet
                0x08001338       0x68 ./gecko_sdk_4.4.6/platform/emlib/src/em_cmu.o
 .text.em01GrpcClkGet
                0x080013a0       0x64 ./gecko_sdk_4.4.6/platform/emlib/src/em_cmu.o
 .text.iadcClkGet
                0x08001404       0x54 ./gecko_sdk_4.4.6/platform/emlib/src/em_cmu.o
 .text.lesenseHFClkGet
                0x08001458       0x3c ./gecko_sdk_4.4.6/platform/emlib/src/em_cmu.o
 .text.eusart0ClkGet
                0x08001494       0x68 ./gecko_sdk_4.4.6/platform/emlib/src/em_cmu.o
 .text.em23GrpaClkGet
                0x080014fc       0x4c ./gecko_sdk_4.4.6/platform/emlib/src/em_cmu.o
 .text.vdac0ClkGet
                0x08001548       0x64 ./gecko_sdk_4.4.6/platform/emlib/src/em_cmu.o
 .text.pcnt0ClkGet
                0x080015ac       0x44 ./gecko_sdk_4.4.6/platform/emlib/src/em_cmu.o
 .text.wdog0ClkGet
                0x080015f0       0x58 ./gecko_sdk_4.4.6/platform/emlib/src/em_cmu.o
 .text.wdog1ClkGet
                0x08001648       0x58 ./gecko_sdk_4.4.6/platform/emlib/src/em_cmu.o
 .text.sysrtcClkGet
                0x080016a0       0x4c ./gecko_sdk_4.4.6/platform/emlib/src/em_cmu.o
 .text.em4GrpaClkGet
                0x080016ec       0x4c ./gecko_sdk_4.4.6/platform/emlib/src/em_cmu.o
 .text.dpllRefClkGet
                0x08001738       0x4c ./gecko_sdk_4.4.6/platform/emlib/src/em_cmu.o
 .text.CMU_ClockDivGet
                0x08001784       0x5c ./gecko_sdk_4.4.6/platform/emlib/src/em_cmu.o
                0x08001784                CMU_ClockDivGet
 .text.flashWaitStateControl
                0x080017e0       0x74 ./gecko_sdk_4.4.6/platform/emlib/src/em_cmu.o
 .text.CMU_ClockEnable
                0x08001854       0x3c ./gecko_sdk_4.4.6/platform/emlib/src/em_cmu.o
                0x08001854                CMU_ClockEnable
 .text.rhclkPrescOptimize
                0x08001890       0x20 ./gecko_sdk_4.4.6/platform/emlib/src/em_cmu.o
 .text.CMU_ClockSelectGet
                0x080018b0      0x2cc ./gecko_sdk_4.4.6/platform/emlib/src/em_cmu.o
                0x080018b0                CMU_ClockSelectGet
 .text.sli_em_cmu_HFXOSetForceEnable
                0x08001b7c       0x1c ./gecko_sdk_4.4.6/platform/emlib/src/em_cmu.o
                0x08001b7c                sli_em_cmu_HFXOSetForceEnable
 .text.CMU_HFXOInit
                0x08001b98      0x1b4 ./gecko_sdk_4.4.6/platform/emlib/src/em_cmu.o
                0x08001b98                CMU_HFXOInit
 .text.CMU_HFXOCTuneDeltaGet
                0x08001d4c        0xc ./gecko_sdk_4.4.6/platform/emlib/src/em_cmu.o
                0x08001d4c                CMU_HFXOCTuneDeltaGet
 .text.CMU_HFXOPrecisionSet
                0x08001d58        0xc ./gecko_sdk_4.4.6/platform/emlib/src/em_cmu.o
                0x08001d58                CMU_HFXOPrecisionSet
 .text.CMU_ClockDivSet
                0x08001d64       0xb4 ./gecko_sdk_4.4.6/platform/emlib/src/em_cmu.o
                0x08001d64                CMU_ClockDivSet
 .text.pclkDivOptimize
                0x08001e18       0x24 ./gecko_sdk_4.4.6/platform/emlib/src/em_cmu.o
 .text.sli_em_cmu_SYSCLKInitPostClockSelect
                0x08001e3c       0x3c ./gecko_sdk_4.4.6/platform/emlib/src/em_cmu.o
                0x08001e3c                sli_em_cmu_SYSCLKInitPostClockSelect
 .text.__NVIC_GetPriority
                0x08001e78       0x24 ./gecko_sdk_4.4.6/platform/emlib/src/em_core.o
 .text.CORE_NvicIRQDisabled
                0x08001e9c       0x20 ./gecko_sdk_4.4.6/platform/emlib/src/em_core.o
                0x08001e9c                CORE_NvicIRQDisabled
 .text.CORE_IrqIsBlocked
                0x08001ebc       0x54 ./gecko_sdk_4.4.6/platform/emlib/src/em_core.o
                0x08001ebc                CORE_IrqIsBlocked
 .text.EMU_EM4Init
                0x08001f10       0x14 ./gecko_sdk_4.4.6/platform/emlib/src/em_emu.o
                0x08001f10                EMU_EM4Init
 .text.EMU_VScaleEM01
                0x08001f24       0x8c ./gecko_sdk_4.4.6/platform/emlib/src/em_emu.o
                0x08001f24                EMU_VScaleEM01
 .text.EMU_VScaleEM01ByClock
                0x08001fb0       0x38 ./gecko_sdk_4.4.6/platform/emlib/src/em_emu.o
                0x08001fb0                EMU_VScaleEM01ByClock
 .text.EMU_DCDCModeSet
                0x08001fe8       0xd0 ./gecko_sdk_4.4.6/platform/emlib/src/em_emu.o
                0x08001fe8                EMU_DCDCModeSet
 .text.EMU_DCDCInit
                0x080020b8       0x7c ./gecko_sdk_4.4.6/platform/emlib/src/em_emu.o
                0x080020b8                EMU_DCDCInit
 .text.EMU_DCDCSetPFMXModePeakCurrent
                0x08002134       0x64 ./gecko_sdk_4.4.6/platform/emlib/src/em_emu.o
                0x08002134                EMU_DCDCSetPFMXModePeakCurrent
 .text.EMU_DCDCSetPFMXTimeoutMaxCtrl
                0x08002198       0x60 ./gecko_sdk_4.4.6/platform/emlib/src/em_emu.o
                0x08002198                EMU_DCDCSetPFMXTimeoutMaxCtrl
 .text.EUSART_ClockGet
                0x080021f8       0x2c ./gecko_sdk_4.4.6/platform/emlib/src/em_eusart.o
 .text.EUSART_Reset
                0x08002224       0x58 ./gecko_sdk_4.4.6/platform/emlib/src/em_eusart.o
                0x08002224                EUSART_Reset
 .text.EUSART_BaudrateSet
                0x0800227c       0xd4 ./gecko_sdk_4.4.6/platform/emlib/src/em_eusart.o
                0x0800227c                EUSART_BaudrateSet
 .text.EUSART_AsyncInitCommon
                0x08002350      0x220 ./gecko_sdk_4.4.6/platform/emlib/src/em_eusart.o
 .text.GPIO_ExtIntConfig
                0x08002570       0xd4 ./gecko_sdk_4.4.6/platform/emlib/src/em_gpio.o
                0x08002570                GPIO_ExtIntConfig
 .text.GPIO_PinModeSet
                0x08002644       0xa0 ./gecko_sdk_4.4.6/platform/emlib/src/em_gpio.o
                0x08002644                GPIO_PinModeSet
 .text.LDMA_DeInit
                0x080026e4       0x3c ./gecko_sdk_4.4.6/platform/emlib/src/em_ldma.o
                0x080026e4                LDMA_DeInit
 .text.LDMA_EnableChannelRequest
                0x08002720       0x1c ./gecko_sdk_4.4.6/platform/emlib/src/em_ldma.o
                0x08002720                LDMA_EnableChannelRequest
 .text.LDMA_Init
                0x0800273c       0x64 ./gecko_sdk_4.4.6/platform/emlib/src/em_ldma.o
                0x0800273c                LDMA_Init
 .text.LDMA_StartTransfer
                0x080027a0       0x94 ./gecko_sdk_4.4.6/platform/emlib/src/em_ldma.o
                0x080027a0                LDMA_StartTransfer
 .text.LDMA_StopTransfer
                0x08002834       0x24 ./gecko_sdk_4.4.6/platform/emlib/src/em_ldma.o
                0x08002834                LDMA_StopTransfer
 .text.LDMA_TransferDone
                0x08002858       0x34 ./gecko_sdk_4.4.6/platform/emlib/src/em_ldma.o
                0x08002858                LDMA_TransferDone
 .text.SYSTEM_ChipRevisionGet
                0x0800288c       0x24 ./gecko_sdk_4.4.6/platform/emlib/src/em_system.o
                0x0800288c                SYSTEM_ChipRevisionGet
 .text.sl_hal_sysrtc_wait_ready
                0x080028b0       0x24 ./gecko_sdk_4.4.6/platform/peripheral/src/peripheral_sysrtc.o
                0x080028b0                sl_hal_sysrtc_wait_ready
 .text.sl_hal_sysrtc_stop
                0x080028d4       0x20 ./gecko_sdk_4.4.6/platform/peripheral/src/peripheral_sysrtc.o
                0x080028d4                sl_hal_sysrtc_stop
 .text.sl_hal_sysrtc_enable
                0x080028f4       0x18 ./gecko_sdk_4.4.6/platform/peripheral/src/peripheral_sysrtc.o
                0x080028f4                sl_hal_sysrtc_enable
 .text.sl_hal_sysrtc_disable
                0x0800290c       0x20 ./gecko_sdk_4.4.6/platform/peripheral/src/peripheral_sysrtc.o
                0x0800290c                sl_hal_sysrtc_disable
 .text.sl_hal_sysrtc_init
                0x0800292c       0x30 ./gecko_sdk_4.4.6/platform/peripheral/src/peripheral_sysrtc.o
                0x0800292c                sl_hal_sysrtc_init
 .text.sl_hal_sysrtc_init_group
                0x0800295c       0x4c ./gecko_sdk_4.4.6/platform/peripheral/src/peripheral_sysrtc.o
                0x0800295c                sl_hal_sysrtc_init_group
 .text.sl_hal_sysrtc_enable_group_interrupts
                0x080029a8        0xc ./gecko_sdk_4.4.6/platform/peripheral/src/peripheral_sysrtc.o
                0x080029a8                sl_hal_sysrtc_enable_group_interrupts
 .text.sl_hal_sysrtc_disable_group_interrupts
                0x080029b4        0xc ./gecko_sdk_4.4.6/platform/peripheral/src/peripheral_sysrtc.o
                0x080029b4                sl_hal_sysrtc_disable_group_interrupts
 .text.sl_hal_sysrtc_clear_group_interrupts
                0x080029c0        0xc ./gecko_sdk_4.4.6/platform/peripheral/src/peripheral_sysrtc.o
                0x080029c0                sl_hal_sysrtc_clear_group_interrupts
 .text.sl_hal_sysrtc_get_group_interrupts
                0x080029cc       0x10 ./gecko_sdk_4.4.6/platform/peripheral/src/peripheral_sysrtc.o
                0x080029cc                sl_hal_sysrtc_get_group_interrupts
 .text.sl_hal_sysrtc_get_group_compare_channel_value
                0x080029dc       0x20 ./gecko_sdk_4.4.6/platform/peripheral/src/peripheral_sysrtc.o
                0x080029dc                sl_hal_sysrtc_get_group_compare_channel_value
 .text.sl_hal_sysrtc_set_group_compare_channel_value
                0x080029fc       0x1c ./gecko_sdk_4.4.6/platform/peripheral/src/peripheral_sysrtc.o
                0x080029fc                sl_hal_sysrtc_set_group_compare_channel_value
 .text.RAIL_InitTxPowerCurvesAlt
                0x08002a18       0x28 ./gecko_sdk_4.4.6/platform/radio/rail_lib/plugin/pa-conversions/pa_conversions_efr32.o
                0x08002a18                RAIL_InitTxPowerCurvesAlt
 .text.RAIL_ConvertDbmToRaw
                0x08002a40      0x120 ./gecko_sdk_4.4.6/platform/radio/rail_lib/plugin/pa-conversions/pa_conversions_efr32.o
                0x08002a40                RAIL_ConvertDbmToRaw
 .text.RAIL_ConvertRawToDbm
                0x08002b60       0xfc ./gecko_sdk_4.4.6/platform/radio/rail_lib/plugin/pa-conversions/pa_conversions_efr32.o
                0x08002b60                RAIL_ConvertRawToDbm
 .text.sl_rail_util_pa_init
                0x08002c5c       0x14 ./gecko_sdk_4.4.6/platform/radio/rail_lib/plugin/pa-conversions/pa_conversions_efr32.o
                0x08002c5c                sl_rail_util_pa_init
 .text.sl_rail_util_pa_on_channel_config_change
                0x08002c70       0x70 ./gecko_sdk_4.4.6/platform/radio/rail_lib/plugin/pa-conversions/pa_conversions_efr32.o
                0x08002c70                sl_rail_util_pa_on_channel_config_change
 .text.sl_rail_util_protocol_config_zwave
                0x08002ce0      0x190 ./gecko_sdk_4.4.6/platform/radio/rail_lib/plugin/rail_util_protocol/sl_rail_util_protocol.o
 .text.sl_rail_util_pti_init
                0x08002e70       0x28 ./gecko_sdk_4.4.6/platform/radio/rail_lib/plugin/rail_util_pti/sl_rail_util_pti.o
                0x08002e70                sl_rail_util_pti_init
 .text.sl_device_init_dcdc
                0x08002e98       0x30 ./gecko_sdk_4.4.6/platform/service/device_init/src/sl_device_init_dcdc_s2.o
                0x08002e98                sl_device_init_dcdc
 .text.sl_device_init_emu
                0x08002ec8       0x28 ./gecko_sdk_4.4.6/platform/service/device_init/src/sl_device_init_emu_s2.o
                0x08002ec8                sl_device_init_emu
 .text.sl_device_init_hfxo
                0x08002ef0       0x84 ./gecko_sdk_4.4.6/platform/service/device_init/src/sl_device_init_hfxo_s2.o
                0x08002ef0                sl_device_init_hfxo
 .text.sl_device_init_nvic
                0x08002f74       0x38 ./gecko_sdk_4.4.6/platform/service/device_init/src/sl_device_init_nvic.o
                0x08002f74                sl_device_init_nvic
 .text.sl_iostream_set_default
                0x08002fac       0x18 ./gecko_sdk_4.4.6/platform/service/iostream/src/sl_iostream.o
                0x08002fac                sl_iostream_set_default
 .text.sl_iostream_get_default
                0x08002fc4       0x18 ./gecko_sdk_4.4.6/platform/service/iostream/src/sl_iostream.o
                0x08002fc4                sl_iostream_get_default
 .text.sl_iostream_eusart_init
                0x08002fdc      0x234 ./gecko_sdk_4.4.6/platform/service/iostream/src/sl_iostream_eusart.o
                0x08002fdc                sl_iostream_eusart_init
 .text.__NVIC_EnableIRQ
                0x08003210       0x1c ./gecko_sdk_4.4.6/platform/service/iostream/src/sl_iostream_uart.o
 .text.__NVIC_DisableIRQ
                0x0800322c       0x24 ./gecko_sdk_4.4.6/platform/service/iostream/src/sl_iostream_uart.o
 .text.dma_irq_handler
                0x08003250       0x78 ./gecko_sdk_4.4.6/platform/service/iostream/src/sl_iostream_uart.o
 .text.uart_deinit
                0x080032c8       0x60 ./gecko_sdk_4.4.6/platform/service/iostream/src/sl_iostream_uart.o
 .text.update_ring_buffer
                0x08003328       0xa4 ./gecko_sdk_4.4.6/platform/service/iostream/src/sl_iostream_uart.o
 .text.sli_iostream_uart_context_init
                0x080033cc      0x104 ./gecko_sdk_4.4.6/platform/service/iostream/src/sl_iostream_uart.o
                0x080033cc                sli_iostream_uart_context_init
 .text.__NVIC_SystemReset
                0x080034d0       0x24 ./gecko_sdk_4.4.6/platform/service/mpu/src/sl_mpu.o
 .text.ARM_MPU_Disable
                0x080034f4       0x28 ./gecko_sdk_4.4.6/platform/service/mpu/src/sl_mpu.o
 .text.sl_mpu_disable_execute_from_ram
                0x0800351c       0xb0 ./gecko_sdk_4.4.6/platform/service/mpu/src/sl_mpu.o
                0x0800351c                sl_mpu_disable_execute_from_ram
 .text.delta_list_insert_timer
                0x080035cc       0x4c ./gecko_sdk_4.4.6/platform/service/sleeptimer/src/sl_sleeptimer.o
 .text.delta_list_remove_timer
                0x08003618       0x40 ./gecko_sdk_4.4.6/platform/service/sleeptimer/src/sl_sleeptimer.o
 .text.update_next_timer_to_expire_is_power_manager
                0x08003658       0x34 ./gecko_sdk_4.4.6/platform/service/sleeptimer/src/sl_sleeptimer.o
 .text.update_delta_list
                0x0800368c       0x3c ./gecko_sdk_4.4.6/platform/service/sleeptimer/src/sl_sleeptimer.o
 .text.set_comparator_for_next_timer
                0x080036c8       0x38 ./gecko_sdk_4.4.6/platform/service/sleeptimer/src/sl_sleeptimer.o
 .text.sl_sleeptimer_init
                0x08003700       0x78 ./gecko_sdk_4.4.6/platform/service/sleeptimer/src/sl_sleeptimer.o
                0x08003700                sl_sleeptimer_init
 .text.process_timer_irq
                0x08003778      0x148 ./gecko_sdk_4.4.6/platform/service/sleeptimer/src/sl_sleeptimer.o
                0x08003778                process_timer_irq
 .text.sleeptimer_hal_init_timer
                0x080038c0       0x78 ./gecko_sdk_4.4.6/platform/service/sleeptimer/src/sl_sleeptimer_hal_sysrtc.o
                0x080038c0                sleeptimer_hal_init_timer
 .text.sleeptimer_hal_get_counter
                0x08003938       0x1c ./gecko_sdk_4.4.6/platform/service/sleeptimer/src/sl_sleeptimer_hal_sysrtc.o
                0x08003938                sleeptimer_hal_get_counter
 .text.sleeptimer_hal_set_compare
                0x08003954       0x70 ./gecko_sdk_4.4.6/platform/service/sleeptimer/src/sl_sleeptimer_hal_sysrtc.o
                0x08003954                sleeptimer_hal_set_compare
 .text.sleeptimer_hal_disable_int
                0x080039c4       0x34 ./gecko_sdk_4.4.6/platform/service/sleeptimer/src/sl_sleeptimer_hal_sysrtc.o
                0x080039c4                sleeptimer_hal_disable_int
 .text.sleeptimer_hal_set_int
                0x080039f8       0x14 ./gecko_sdk_4.4.6/platform/service/sleeptimer/src/sl_sleeptimer_hal_sysrtc.o
                0x080039f8                sleeptimer_hal_set_int
 .text.sl_udelay_wait
                0x08003a0c       0x54 ./gecko_sdk_4.4.6/platform/service/udelay/src/sl_udelay.o
                0x08003a0c                sl_udelay_wait
 .text.RAILINT_5c2987fa2991598bf02ec13ac2db72ed
                0x08003a60       0x54 C:/Users/SeigoSakaki/SimplicityStudio/SDKs/gecko_sdk//platform/radio/rail_lib/autogen/librail_release/librail_efr32xg23_gcc_release.a(rail_zwave_rf_hal.o)
                0x08003a60                RAILINT_5c2987fa2991598bf02ec13ac2db72ed
 .text.RAILINT_120642e673f8f2bbbaa80923e2f7270d
                0x08003ab4       0x38 C:/Users/SeigoSakaki/SimplicityStudio/SDKs/gecko_sdk//platform/radio/rail_lib/autogen/librail_release/librail_efr32xg23_gcc_release.a(rail_zwave_rf_hal.o)
                0x08003ab4                RAILINT_120642e673f8f2bbbaa80923e2f7270d
 .text.RAILINT_9b1690650ce61745b7406051fc961644
                0x08003aec       0x40 C:/Users/SeigoSakaki/SimplicityStudio/SDKs/gecko_sdk//platform/radio/rail_lib/autogen/librail_release/librail_efr32xg23_gcc_release.a(rail_zwave_rf_hal.o)
                0x08003aec                RAILINT_9b1690650ce61745b7406051fc961644
 .text.RAILINT_967ec31283d85ef3237b5b80f4ab05ca
                0x08003b2c      0x288 C:/Users/SeigoSakaki/SimplicityStudio/SDKs/gecko_sdk//platform/radio/rail_lib/autogen/librail_release/librail_efr32xg23_gcc_release.a(rail_zwave_rf_hal.o)
                0x08003b2c                RAILINT_967ec31283d85ef3237b5b80f4ab05ca
 .text.RAILINT_a779509c3ccfe3314b466cbc2527e4c8
                0x08003db4       0x24 C:/Users/SeigoSakaki/SimplicityStudio/SDKs/gecko_sdk//platform/radio/rail_lib/autogen/librail_release/librail_efr32xg23_gcc_release.a(rfhal_ircal.o)
                0x08003db4                RAILINT_a779509c3ccfe3314b466cbc2527e4c8
 .text.RAILINT_7c4474e9c252fd93501bbf7d6298f3d3
                0x08003dd8       0x64 C:/Users/SeigoSakaki/SimplicityStudio/SDKs/gecko_sdk//platform/radio/rail_lib/autogen/librail_release/librail_efr32xg23_gcc_release.a(rfhal_antenna.o)
                0x08003dd8                RAILINT_7c4474e9c252fd93501bbf7d6298f3d3
 .text.RAILINT_42ba343910883753b346a02b0f77ef3e
                0x08003e3c        0xc C:/Users/SeigoSakaki/SimplicityStudio/SDKs/gecko_sdk//platform/radio/rail_lib/autogen/librail_release/librail_efr32xg23_gcc_release.a(rfhal_antenna.o)
                0x08003e3c                RAILINT_42ba343910883753b346a02b0f77ef3e
 .text.RAILINT_893fd72dfcf6ebbe2598a01d375fa2c0
                0x08003e48       0x50 C:/Users/SeigoSakaki/SimplicityStudio/SDKs/gecko_sdk//platform/radio/rail_lib/autogen/librail_release/librail_efr32xg23_gcc_release.a(rfhal_bufc.o)
 .text.RAILINT_cdbd2ef4368f95ff8e91482f629bd134
                0x08003e98       0x1c C:/Users/SeigoSakaki/SimplicityStudio/SDKs/gecko_sdk//platform/radio/rail_lib/autogen/librail_release/librail_efr32xg23_gcc_release.a(rfhal_bufc.o)
                0x08003e98                RAILINT_cdbd2ef4368f95ff8e91482f629bd134
 .text.RAILINT_d098fb7ee08dc8d454a1df118de69bc4
                0x08003eb4      0x18c C:/Users/SeigoSakaki/SimplicityStudio/SDKs/gecko_sdk//platform/radio/rail_lib/autogen/librail_release/librail_efr32xg23_gcc_release.a(rfhal_bufc.o)
                0x08003eb4                RAILINT_d098fb7ee08dc8d454a1df118de69bc4
 .text.RAILINT_53ead1b019a1cdfd0829dbc64825eeac
                0x08004040       0x58 C:/Users/SeigoSakaki/SimplicityStudio/SDKs/gecko_sdk//platform/radio/rail_lib/autogen/librail_release/librail_efr32xg23_gcc_release.a(rfhal_bufc.o)
                0x08004040                RAILINT_53ead1b019a1cdfd0829dbc64825eeac
 .text.RAILINT_6281eecc9c4ea6e1ecc523be2e1d48d2
                0x08004098       0x8c C:/Users/SeigoSakaki/SimplicityStudio/SDKs/gecko_sdk//platform/radio/rail_lib/autogen/librail_release/librail_efr32xg23_gcc_release.a(rfhal_bufc.o)
                0x08004098                RAILINT_6281eecc9c4ea6e1ecc523be2e1d48d2
 .text.RAILINT_32732aa1d78833fa65026efd536f2c3e
                0x08004124       0x44 C:/Users/SeigoSakaki/SimplicityStudio/SDKs/gecko_sdk//platform/radio/rail_lib/autogen/librail_release/librail_efr32xg23_gcc_release.a(rfhal_bufc.o)
                0x08004124                RAILINT_32732aa1d78833fa65026efd536f2c3e
 .text.RAILINT_f921a6fdde390c986016ab0c8bf49fae
                0x08004168      0x12c C:/Users/SeigoSakaki/SimplicityStudio/SDKs/gecko_sdk//platform/radio/rail_lib/autogen/librail_release/librail_efr32xg23_gcc_release.a(rfhal_bufc.o)
                0x08004168                RAILINT_f921a6fdde390c986016ab0c8bf49fae
 .text.RAILINT_0906929bba6a17fd8a9605e65064a9f4
                0x08004294       0x68 C:/Users/SeigoSakaki/SimplicityStudio/SDKs/gecko_sdk//platform/radio/rail_lib/autogen/librail_release/librail_efr32xg23_gcc_release.a(rfhal_bufc.o)
                0x08004294                RAILINT_0906929bba6a17fd8a9605e65064a9f4
 .text.RAILINT_31258cb71f8a6b9069347d576bc679f0
                0x080042fc       0x1c C:/Users/SeigoSakaki/SimplicityStudio/SDKs/gecko_sdk//platform/radio/rail_lib/autogen/librail_release/librail_efr32xg23_gcc_release.a(rfhal_bufc.o)
                0x080042fc                RAILINT_31258cb71f8a6b9069347d576bc679f0
 .text.RAILINT_6e9511005f24d0489b4328a9cd887def
                0x08004318       0x2c C:/Users/SeigoSakaki/SimplicityStudio/SDKs/gecko_sdk//platform/radio/rail_lib/autogen/librail_release/librail_efr32xg23_gcc_release.a(rfhal_bufc.o)
                0x08004318                RAILINT_6e9511005f24d0489b4328a9cd887def
 .text.RAILINT_5b690911fb63c8ed3939b23ea6b3c04d
                0x08004344       0x14 C:/Users/SeigoSakaki/SimplicityStudio/SDKs/gecko_sdk//platform/radio/rail_lib/autogen/librail_release/librail_efr32xg23_gcc_release.a(rfhal_pa.o)
                0x08004344                RAILINT_5b690911fb63c8ed3939b23ea6b3c04d
 .text.RAILINT_0a4e93b519ac593c17e9cf2bca4c4cf3
                0x08004358       0x2c C:/Users/SeigoSakaki/SimplicityStudio/SDKs/gecko_sdk//platform/radio/rail_lib/autogen/librail_release/librail_efr32xg23_gcc_release.a(rfhal_pa.o)
                0x08004358                RAILINT_0a4e93b519ac593c17e9cf2bca4c4cf3
 .text.RAILINT_538e671f17d827f5e8fbb6213721d612
                0x08004384       0x48 C:/Users/SeigoSakaki/SimplicityStudio/SDKs/gecko_sdk//platform/radio/rail_lib/autogen/librail_release/librail_efr32xg23_gcc_release.a(rfhal_pa.o)
                0x08004384                RAILINT_538e671f17d827f5e8fbb6213721d612
 .text.RAILINT_1040bf941e847cb582a86b6ad519d354
                0x080043cc       0x14 C:/Users/SeigoSakaki/SimplicityStudio/SDKs/gecko_sdk//platform/radio/rail_lib/autogen/librail_release/librail_efr32xg23_gcc_release.a(rfhal_pa.o)
                0x080043cc                RAILINT_1040bf941e847cb582a86b6ad519d354
 .text.RAILINT_80e4ebea7b797fe222184bcf10e3a6f0
                0x080043e0       0xe8 C:/Users/SeigoSakaki/SimplicityStudio/SDKs/gecko_sdk//platform/radio/rail_lib/autogen/librail_release/librail_efr32xg23_gcc_release.a(rfhal_pa.o)
                0x080043e0                RAILINT_80e4ebea7b797fe222184bcf10e3a6f0
 .text.RAILINT_5eae5b33728fa998af27aab462a94cc2
                0x080044c8      0x240 C:/Users/SeigoSakaki/SimplicityStudio/SDKs/gecko_sdk//platform/radio/rail_lib/autogen/librail_release/librail_efr32xg23_gcc_release.a(rfhal_pa.o)
                0x080044c8                RAILINT_5eae5b33728fa998af27aab462a94cc2
 .text.RAILINT_692f9e407ff0da6bb4b5f2aa1969c134
                0x08004708      0x288 C:/Users/SeigoSakaki/SimplicityStudio/SDKs/gecko_sdk//platform/radio/rail_lib/autogen/librail_release/librail_efr32xg23_gcc_release.a(rfhal_pa.o)
                0x08004708                RAILINT_692f9e407ff0da6bb4b5f2aa1969c134
 .text.RAILINT_08c8419aa71adfff4194c3a91186dc0b
                0x08004990       0x50 C:/Users/SeigoSakaki/SimplicityStudio/SDKs/gecko_sdk//platform/radio/rail_lib/autogen/librail_release/librail_efr32xg23_gcc_release.a(rfhal_pa.o)
                0x08004990                RAILINT_08c8419aa71adfff4194c3a91186dc0b
 .text.RAILINT_43e20192c70743caf46848f43384580c
                0x080049e0       0x48 C:/Users/SeigoSakaki/SimplicityStudio/SDKs/gecko_sdk//platform/radio/rail_lib/autogen/librail_release/librail_efr32xg23_gcc_release.a(rfhal_pa.o)
                0x080049e0                RAILINT_43e20192c70743caf46848f43384580c
 .text.RAILINT_9ddf38797bdd4dec512cd8a53f0e246d
                0x08004a28       0x1c C:/Users/SeigoSakaki/SimplicityStudio/SDKs/gecko_sdk//platform/radio/rail_lib/autogen/librail_release/librail_efr32xg23_gcc_release.a(rfhal_pa.o)
                0x08004a28                RAILINT_9ddf38797bdd4dec512cd8a53f0e246d
 .text.RAILINT_a2bb09bbf0f5a66273c06b6551b0acd9
                0x08004a44       0xdc C:/Users/SeigoSakaki/SimplicityStudio/SDKs/gecko_sdk//platform/radio/rail_lib/autogen/librail_release/librail_efr32xg23_gcc_release.a(rfhal_protimer.o)
                0x08004a44                RAILINT_a2bb09bbf0f5a66273c06b6551b0acd9
 .text.RAILINT_2867cf1f7327fd002fccf5d8ded311be
                0x08004b20       0x1c C:/Users/SeigoSakaki/SimplicityStudio/SDKs/gecko_sdk//platform/radio/rail_lib/autogen/librail_release/librail_efr32xg23_gcc_release.a(rfhal_protimer.o)
                0x08004b20                RAILINT_2867cf1f7327fd002fccf5d8ded311be
 .text.RAILINT_4f93cdd7aecf168775f2a95c9141aec8
                0x08004b3c       0x3c C:/Users/SeigoSakaki/SimplicityStudio/SDKs/gecko_sdk//platform/radio/rail_lib/autogen/librail_release/librail_efr32xg23_gcc_release.a(rfhal_protimer.o)
                0x08004b3c                RAILINT_4f93cdd7aecf168775f2a95c9141aec8
 .text.RAILINT_6fba69fb8464276fb40686c982612f36
                0x08004b78       0x18 C:/Users/SeigoSakaki/SimplicityStudio/SDKs/gecko_sdk//platform/radio/rail_lib/autogen/librail_release/librail_efr32xg23_gcc_release.a(rfhal_protimer.o)
                0x08004b78                RAILINT_6fba69fb8464276fb40686c982612f36
 .text.RAILINT_c51be8ee5a1368e218ec48a993030c0a
                0x08004b90       0x30 C:/Users/SeigoSakaki/SimplicityStudio/SDKs/gecko_sdk//platform/radio/rail_lib/autogen/librail_release/librail_efr32xg23_gcc_release.a(rfhal_protimer.o)
                0x08004b90                RAILINT_c51be8ee5a1368e218ec48a993030c0a
 .text.RAILINT_91acd8a0b3b22b251b18aeabdb4a57f7
                0x08004bc0       0x18 C:/Users/SeigoSakaki/SimplicityStudio/SDKs/gecko_sdk//platform/radio/rail_lib/autogen/librail_release/librail_efr32xg23_gcc_release.a(rfhal_protimer.o)
                0x08004bc0                RAILINT_91acd8a0b3b22b251b18aeabdb4a57f7
 .text.RAILINT_3d752c35229134eb0acd91db488d7c4c
                0x08004bd8       0x24 C:/Users/SeigoSakaki/SimplicityStudio/SDKs/gecko_sdk//platform/radio/rail_lib/autogen/librail_release/librail_efr32xg23_gcc_release.a(rfhal_protimer.o)
                0x08004bd8                RAILINT_3d752c35229134eb0acd91db488d7c4c
 .text.RAILINT_91df45e96a2874f76867d6f26ae534a0
                0x08004bfc       0x40 C:/Users/SeigoSakaki/SimplicityStudio/SDKs/gecko_sdk//platform/radio/rail_lib/autogen/librail_release/librail_efr32xg23_gcc_release.a(rfhal_protimer.o)
                0x08004bfc                RAILINT_91df45e96a2874f76867d6f26ae534a0
 .text.RAILINT_7dbf4a2540796b33a4a0f6c074c875d0
                0x08004c3c       0x20 C:/Users/SeigoSakaki/SimplicityStudio/SDKs/gecko_sdk//platform/radio/rail_lib/autogen/librail_release/librail_efr32xg23_gcc_release.a(rfhal_radio.o)
 .text.RAILINT_2e07a6872d92c4b3e3c2fd6af0b0470f
                0x08004c5c       0x84 C:/Users/SeigoSakaki/SimplicityStudio/SDKs/gecko_sdk//platform/radio/rail_lib/autogen/librail_release/librail_efr32xg23_gcc_release.a(rfhal_radio.o)
 .text.RAILINT_fec7870be3fe1a836fe6231361b23257
                0x08004ce0       0x5c C:/Users/SeigoSakaki/SimplicityStudio/SDKs/gecko_sdk//platform/radio/rail_lib/autogen/librail_release/librail_efr32xg23_gcc_release.a(rfhal_radio.o)
 .text.RAILINT_2d55024751d647dfef36f5f548d0f2cb
                0x08004d3c       0x4c C:/Users/SeigoSakaki/SimplicityStudio/SDKs/gecko_sdk//platform/radio/rail_lib/autogen/librail_release/librail_efr32xg23_gcc_release.a(rfhal_radio.o)
                0x08004d3c                RAILINT_2d55024751d647dfef36f5f548d0f2cb
 .text.RAILINT_218cde0c3f45a7d04cd5b221c6c89ad2
                0x08004d88       0x28 C:/Users/SeigoSakaki/SimplicityStudio/SDKs/gecko_sdk//platform/radio/rail_lib/autogen/librail_release/librail_efr32xg23_gcc_release.a(rfhal_radio.o)
                0x08004d88                RAILINT_218cde0c3f45a7d04cd5b221c6c89ad2
 .text.RAILINT_0a958662e0f9b48ba3742030a3e4e70c
                0x08004db0       0x84 C:/Users/SeigoSakaki/SimplicityStudio/SDKs/gecko_sdk//platform/radio/rail_lib/autogen/librail_release/librail_efr32xg23_gcc_release.a(rfhal_radio.o)
                0x08004db0                RAILINT_0a958662e0f9b48ba3742030a3e4e70c
 .text.RAILINT_ff78d9bb4bfe772063473783474f9dc5
                0x08004e34       0x4c C:/Users/SeigoSakaki/SimplicityStudio/SDKs/gecko_sdk//platform/radio/rail_lib/autogen/librail_release/librail_efr32xg23_gcc_release.a(rfhal_radio.o)
                0x08004e34                RAILINT_ff78d9bb4bfe772063473783474f9dc5
 .text.RAILINT_83b3e2e99c8f4d3fd0b62943447c7cff
                0x08004e80       0x6c C:/Users/SeigoSakaki/SimplicityStudio/SDKs/gecko_sdk//platform/radio/rail_lib/autogen/librail_release/librail_efr32xg23_gcc_release.a(rfhal_radio.o)
                0x08004e80                RAILINT_83b3e2e99c8f4d3fd0b62943447c7cff
 .text.RAILINT_29728e9d96985f5babe5fba5eab67a2d
                0x08004eec       0x1c C:/Users/SeigoSakaki/SimplicityStudio/SDKs/gecko_sdk//platform/radio/rail_lib/autogen/librail_release/librail_efr32xg23_gcc_release.a(rfhal_radio.o)
                0x08004eec                RAILINT_29728e9d96985f5babe5fba5eab67a2d
 .text.RAILINT_cd65c06e3b1af867d6257be45870f13b
                0x08004f08      0x108 C:/Users/SeigoSakaki/SimplicityStudio/SDKs/gecko_sdk//platform/radio/rail_lib/autogen/librail_release/librail_efr32xg23_gcc_release.a(rfhal_radio.o)
                0x08004f08                RAILINT_cd65c06e3b1af867d6257be45870f13b
 .text.RAILINT_f9e5228e0d9c01913b590cb22fe86427
                0x08005010        0xc C:/Users/SeigoSakaki/SimplicityStudio/SDKs/gecko_sdk//platform/radio/rail_lib/autogen/librail_release/librail_efr32xg23_gcc_release.a(rfhal_radio.o)
                0x08005010                RAILINT_f9e5228e0d9c01913b590cb22fe86427
 .text.RAILINT_0fcb2d75494993f121b931b03a54c62c
                0x0800501c        0xc C:/Users/SeigoSakaki/SimplicityStudio/SDKs/gecko_sdk//platform/radio/rail_lib/autogen/librail_release/librail_efr32xg23_gcc_release.a(rfhal_radio.o)
                0x0800501c                RAILINT_0fcb2d75494993f121b931b03a54c62c
 .text.RAILINT_d8be8114d0438e8c4744d07fb3afceb2
                0x08005028        0xc C:/Users/SeigoSakaki/SimplicityStudio/SDKs/gecko_sdk//platform/radio/rail_lib/autogen/librail_release/librail_efr32xg23_gcc_release.a(rfhal_radio.o)
                0x08005028                RAILINT_d8be8114d0438e8c4744d07fb3afceb2
 .text.RAILINT_107f383da9004c7c039de184830a3649
                0x08005034        0xc C:/Users/SeigoSakaki/SimplicityStudio/SDKs/gecko_sdk//platform/radio/rail_lib/autogen/librail_release/librail_efr32xg23_gcc_release.a(rfhal_radio.o)
                0x08005034                RAILINT_107f383da9004c7c039de184830a3649
 .text.RAILINT_98702195dd5df205b66d73f7f1b701b5
                0x08005040       0x24 C:/Users/SeigoSakaki/SimplicityStudio/SDKs/gecko_sdk//platform/radio/rail_lib/autogen/librail_release/librail_efr32xg23_gcc_release.a(rfhal_radio.o)
                0x08005040                RAILINT_98702195dd5df205b66d73f7f1b701b5
 .text.RAILINT_f653c2a462666f78ad07511adb1c6ca5
                0x08005064       0xcc C:/Users/SeigoSakaki/SimplicityStudio/SDKs/gecko_sdk//platform/radio/rail_lib/autogen/librail_release/librail_efr32xg23_gcc_release.a(rfhal_radio.o)
                0x08005064                RAILINT_f653c2a462666f78ad07511adb1c6ca5
 .text.RAILINT_12973c63ce9f157526b71bd49da4eecd
                0x08005130       0x18 C:/Users/SeigoSakaki/SimplicityStudio/SDKs/gecko_sdk//platform/radio/rail_lib/autogen/librail_release/librail_efr32xg23_gcc_release.a(rfhal_radio.o)
                0x08005130                RAILINT_12973c63ce9f157526b71bd49da4eecd
 .text.RAILINT_1161b5fbd248b16b9006cacb961f2bf2
                0x08005148       0x24 C:/Users/SeigoSakaki/SimplicityStudio/SDKs/gecko_sdk//platform/radio/rail_lib/autogen/librail_release/librail_efr32xg23_gcc_release.a(rfhal_radio.o)
                0x08005148                RAILINT_1161b5fbd248b16b9006cacb961f2bf2
 .text.RAILINT_5c0938f59a395e36d23a6c1c32d6c158
                0x0800516c       0xc8 C:/Users/SeigoSakaki/SimplicityStudio/SDKs/gecko_sdk//platform/radio/rail_lib/autogen/librail_release/librail_efr32xg23_gcc_release.a(rfhal_synth.o)
 .text.RAILINT_ec98693ee08d705578ea34d20ad5a3f0
                0x08005234       0x6c C:/Users/SeigoSakaki/SimplicityStudio/SDKs/gecko_sdk//platform/radio/rail_lib/autogen/librail_release/librail_efr32xg23_gcc_release.a(rfhal_synth.o)
                0x08005234                RAILINT_ec98693ee08d705578ea34d20ad5a3f0
 .text.RAILINT_f26e766b4223f258d2a3acd050099dec
                0x080052a0      0x48c C:/Users/SeigoSakaki/SimplicityStudio/SDKs/gecko_sdk//platform/radio/rail_lib/autogen/librail_release/librail_efr32xg23_gcc_release.a(rfhal_synth.o)
                0x080052a0                RAILINT_f26e766b4223f258d2a3acd050099dec
 .text.RAILINT_ffff6fd8b93bee8f8f3297dc48915167
                0x0800572c       0x10 C:/Users/SeigoSakaki/SimplicityStudio/SDKs/gecko_sdk//platform/radio/rail_lib/autogen/librail_release/librail_efr32xg23_gcc_release.a(rfhal_synth.o)
                0x0800572c                RAILINT_ffff6fd8b93bee8f8f3297dc48915167
 .text.RAILINT_13745921110d6517f85d6d608ac18409
                0x0800573c       0x4c C:/Users/SeigoSakaki/SimplicityStudio/SDKs/gecko_sdk//platform/radio/rail_lib/autogen/librail_release/librail_efr32xg23_gcc_release.a(rfhal_synth.o)
                0x0800573c                RAILINT_13745921110d6517f85d6d608ac18409
 .text.RAILINT_40f50b01b0acf65296da94a1cd4ce85b
                0x08005788      0x104 C:/Users/SeigoSakaki/SimplicityStudio/SDKs/gecko_sdk//platform/radio/rail_lib/autogen/librail_release/librail_efr32xg23_gcc_release.a(rfhal_synth.o)
                0x08005788                RAILINT_40f50b01b0acf65296da94a1cd4ce85b
 .text.RAILINT_3654f2a9376e4bdd7e2c364177a94691
                0x0800588c       0x10 C:/Users/SeigoSakaki/SimplicityStudio/SDKs/gecko_sdk//platform/radio/rail_lib/autogen/librail_release/librail_efr32xg23_gcc_release.a(rfhal_synth.o)
                0x0800588c                RAILINT_3654f2a9376e4bdd7e2c364177a94691
 .text.RAILINT_cb8a12f5bd0c458ceee6331009f9048b
                0x0800589c       0x1c C:/Users/SeigoSakaki/SimplicityStudio/SDKs/gecko_sdk//platform/radio/rail_lib/autogen/librail_release/librail_efr32xg23_gcc_release.a(rfhal_timings.o)
 .text.RAILINT_06b1ea13261364007801a74aa7e1e357
                0x080058b8       0x28 C:/Users/SeigoSakaki/SimplicityStudio/SDKs/gecko_sdk//platform/radio/rail_lib/autogen/librail_release/librail_efr32xg23_gcc_release.a(rfhal_timings.o)
                0x080058b8                RAILINT_06b1ea13261364007801a74aa7e1e357
 .text.RAILINT_4baddb3f7581dff171ab25f7b0ebdad3
                0x080058e0       0x84 C:/Users/SeigoSakaki/SimplicityStudio/SDKs/gecko_sdk//platform/radio/rail_lib/autogen/librail_release/librail_efr32xg23_gcc_release.a(rfhal_timings.o)
                0x080058e0                RAILINT_4baddb3f7581dff171ab25f7b0ebdad3
 .text.RAILINT_970d9248a37232567f89ad6c94dd6fe8
                0x08005964      0x16c C:/Users/SeigoSakaki/SimplicityStudio/SDKs/gecko_sdk//platform/radio/rail_lib/autogen/librail_release/librail_efr32xg23_gcc_release.a(rfhal_timings.o)
                0x08005964                RAILINT_970d9248a37232567f89ad6c94dd6fe8
 .text.RAILINT_9743c96ef075be688881e5d1e5667476
                0x08005ad0       0x6c C:/Users/SeigoSakaki/SimplicityStudio/SDKs/gecko_sdk//platform/radio/rail_lib/autogen/librail_release/librail_efr32xg23_gcc_release.a(seq_globals.o)
                0x08005ad0                RAILINT_9743c96ef075be688881e5d1e5667476
 .text.RAILINT_816f3580c5ff0e8ca0af376c3a66a219
                0x08005b3c       0x38 C:/Users/SeigoSakaki/SimplicityStudio/SDKs/gecko_sdk//platform/radio/rail_lib/autogen/librail_release/librail_efr32xg23_gcc_release.a(generic_phy.o)
 .text.RAILINT_e5849823b21bf651f5d87f5e741d2a12
                0x08005b74       0x34 C:/Users/SeigoSakaki/SimplicityStudio/SDKs/gecko_sdk//platform/radio/rail_lib/autogen/librail_release/librail_efr32xg23_gcc_release.a(generic_phy.o)
 .text.RAILINT_99b59c6cc05d74d26bce559fe745db90
                0x08005ba8       0x30 C:/Users/SeigoSakaki/SimplicityStudio/SDKs/gecko_sdk//platform/radio/rail_lib/autogen/librail_release/librail_efr32xg23_gcc_release.a(generic_phy.o)
 .text.RAILINT_2c4dd48bdd23e67e66c47cfdf845d67c
                0x08005bd8       0x50 C:/Users/SeigoSakaki/SimplicityStudio/SDKs/gecko_sdk//platform/radio/rail_lib/autogen/librail_release/librail_efr32xg23_gcc_release.a(generic_phy.o)
 .text.RAILINT_ef38b49f1deb3f763f4f0e2ae372d117
                0x08005c28       0x28 C:/Users/SeigoSakaki/SimplicityStudio/SDKs/gecko_sdk//platform/radio/rail_lib/autogen/librail_release/librail_efr32xg23_gcc_release.a(generic_phy.o)
 .text.RAILINT_6d8967e14ffa5fbb64f5f8549fa17b5c
                0x08005c50       0x1c C:/Users/SeigoSakaki/SimplicityStudio/SDKs/gecko_sdk//platform/radio/rail_lib/autogen/librail_release/librail_efr32xg23_gcc_release.a(generic_phy.o)
 .text.RAILINT_c34bfa9af18e68c24adf7137035e88f0
                0x08005c6c       0xa8 C:/Users/SeigoSakaki/SimplicityStudio/SDKs/gecko_sdk//platform/radio/rail_lib/autogen/librail_release/librail_efr32xg23_gcc_release.a(generic_phy.o)
 .text.RAILINT_2b746cfc461ae5635faa828fc2e99484
                0x08005d14       0x40 C:/Users/SeigoSakaki/SimplicityStudio/SDKs/gecko_sdk//platform/radio/rail_lib/autogen/librail_release/librail_efr32xg23_gcc_release.a(generic_phy.o)
 .text.RAILINT_978af8e4393fb6ecb4e92f5256373899
                0x08005d54       0x30 C:/Users/SeigoSakaki/SimplicityStudio/SDKs/gecko_sdk//platform/radio/rail_lib/autogen/librail_release/librail_efr32xg23_gcc_release.a(generic_phy.o)
                0x08005d54                RAILINT_978af8e4393fb6ecb4e92f5256373899
 .text.RAILINT_e56520736dccfc6b4febe00b533ea27a
                0x08005d84      0x3c0 C:/Users/SeigoSakaki/SimplicityStudio/SDKs/gecko_sdk//platform/radio/rail_lib/autogen/librail_release/librail_efr32xg23_gcc_release.a(generic_phy.o)
                0x08005d84                RAILINT_e56520736dccfc6b4febe00b533ea27a
 .text.RAILINT_436bf61abb715dbe168d75ac0bccdfdf
                0x08006144       0x10 C:/Users/SeigoSakaki/SimplicityStudio/SDKs/gecko_sdk//platform/radio/rail_lib/autogen/librail_release/librail_efr32xg23_gcc_release.a(generic_phy.o)
                0x08006144                RAILINT_436bf61abb715dbe168d75ac0bccdfdf
 .text.RAILINT_0e4fab607515a0ae94861cde84b8a317
                0x08006154       0x10 C:/Users/SeigoSakaki/SimplicityStudio/SDKs/gecko_sdk//platform/radio/rail_lib/autogen/librail_release/librail_efr32xg23_gcc_release.a(generic_phy.o)
                0x08006154                RAILINT_0e4fab607515a0ae94861cde84b8a317
 .text.RAILINT_7eff40ec14ab746668317fbad941367b
                0x08006164       0x10 C:/Users/SeigoSakaki/SimplicityStudio/SDKs/gecko_sdk//platform/radio/rail_lib/autogen/librail_release/librail_efr32xg23_gcc_release.a(generic_phy.o)
                0x08006164                RAILINT_7eff40ec14ab746668317fbad941367b
 .text.RAILINT_5d6f9e1abd47331b2e5065ec63f9f308
                0x08006174       0x14 C:/Users/SeigoSakaki/SimplicityStudio/SDKs/gecko_sdk//platform/radio/rail_lib/autogen/librail_release/librail_efr32xg23_gcc_release.a(generic_phy.o)
                0x08006174                RAILINT_5d6f9e1abd47331b2e5065ec63f9f308
 .text.RAILINT_0390333908b9b36d5ab834e553f87374
                0x08006188       0x80 C:/Users/SeigoSakaki/SimplicityStudio/SDKs/gecko_sdk//platform/radio/rail_lib/autogen/librail_release/librail_efr32xg23_gcc_release.a(generic_phy.o)
                0x08006188                RAILINT_0390333908b9b36d5ab834e553f87374
 .text.RAILINT_b4349430825f42395f1799b2ff8bb1b4
                0x08006208       0x30 C:/Users/SeigoSakaki/SimplicityStudio/SDKs/gecko_sdk//platform/radio/rail_lib/autogen/librail_release/librail_efr32xg23_gcc_release.a(generic_phy.o)
                0x08006208                RAILINT_b4349430825f42395f1799b2ff8bb1b4
 .text.RAILINT_cda8bf84b67189e08b64149f714e0ad8
                0x08006238       0x94 C:/Users/SeigoSakaki/SimplicityStudio/SDKs/gecko_sdk//platform/radio/rail_lib/autogen/librail_release/librail_efr32xg23_gcc_release.a(generic_phy.o)
                0x08006238                RAILINT_cda8bf84b67189e08b64149f714e0ad8
 .text.RAILINT_cf4e885725a47449d7a6caf77bda2061
                0x080062cc       0x6c C:/Users/SeigoSakaki/SimplicityStudio/SDKs/gecko_sdk//platform/radio/rail_lib/autogen/librail_release/librail_efr32xg23_gcc_release.a(generic_phy.o)
                0x080062cc                RAILINT_cf4e885725a47449d7a6caf77bda2061
 .text.RAILINT_251a0c8b131e6c493b80202150f0c444
                0x08006338       0x18 C:/Users/SeigoSakaki/SimplicityStudio/SDKs/gecko_sdk//platform/radio/rail_lib/autogen/librail_release/librail_efr32xg23_gcc_release.a(generic_phy.o)
                0x08006338                RAILINT_251a0c8b131e6c493b80202150f0c444
 .text.EMUDG_IRQHandler
                0x08006350       0x48 C:/Users/SeigoSakaki/SimplicityStudio/SDKs/gecko_sdk//platform/radio/rail_lib/autogen/librail_release/librail_efr32xg23_gcc_release.a(generic_phy.o)
                0x08006350                EMUDG_IRQHandler
 .text.RAILINT_a7d421cde8a91be6637558edc84e4002
                0x08006398       0x48 C:/Users/SeigoSakaki/SimplicityStudio/SDKs/gecko_sdk//platform/radio/rail_lib/autogen/librail_release/librail_efr32xg23_gcc_release.a(generic_phy.o)
                0x08006398                RAILINT_a7d421cde8a91be6637558edc84e4002
 .text.RAILINT_415699d4fedc812ab5645a39d53b6366
                0x080063e0      0x1ac C:/Users/SeigoSakaki/SimplicityStudio/SDKs/gecko_sdk//platform/radio/rail_lib/autogen/librail_release/librail_efr32xg23_gcc_release.a(generic_phy.o)
                0x080063e0                RAILINT_415699d4fedc812ab5645a39d53b6366
 .text.FRC_IRQHandler
                0x0800658c      0x7fc C:/Users/SeigoSakaki/SimplicityStudio/SDKs/gecko_sdk//platform/radio/rail_lib/autogen/librail_release/librail_efr32xg23_gcc_release.a(generic_phy.o)
                0x0800658c                FRC_IRQHandler
 .text.RAILCb_RadioStateChanged
                0x08006d88       0x10 C:/Users/SeigoSakaki/SimplicityStudio/SDKs/gecko_sdk//platform/radio/rail_lib/autogen/librail_release/librail_efr32xg23_gcc_release.a(generic_phy.o)
                0x08006d88                RAILCb_RadioStateChanged
 .text.RAC_RSM_IRQHandler
                0x08006d98       0x28 C:/Users/SeigoSakaki/SimplicityStudio/SDKs/gecko_sdk//platform/radio/rail_lib/autogen/librail_release/librail_efr32xg23_gcc_release.a(generic_phy.o)
                0x08006d98                RAC_RSM_IRQHandler
 .text.AGC_IRQHandler
                0x08006dc0       0x64 C:/Users/SeigoSakaki/SimplicityStudio/SDKs/gecko_sdk//platform/radio/rail_lib/autogen/librail_release/librail_efr32xg23_gcc_release.a(generic_phy.o)
                0x08006dc0                AGC_IRQHandler
 .text.HOSTMAILBOX_IRQHandler
                0x08006e24       0x3c C:/Users/SeigoSakaki/SimplicityStudio/SDKs/gecko_sdk//platform/radio/rail_lib/autogen/librail_release/librail_efr32xg23_gcc_release.a(generic_phy.o)
                0x08006e24                HOSTMAILBOX_IRQHandler
 .text.SYNTH_IRQHandler
                0x08006e60       0x3c C:/Users/SeigoSakaki/SimplicityStudio/SDKs/gecko_sdk//platform/radio/rail_lib/autogen/librail_release/librail_efr32xg23_gcc_release.a(generic_phy.o)
                0x08006e60                SYNTH_IRQHandler
 .text.RAILINT_fc431c63280fcec9c8f1f2616df249e6
                0x08006e9c       0x28 C:/Users/SeigoSakaki/SimplicityStudio/SDKs/gecko_sdk//platform/radio/rail_lib/autogen/librail_release/librail_efr32xg23_gcc_release.a(generic_phy.o)
                0x08006e9c                RAILINT_fc431c63280fcec9c8f1f2616df249e6
 .text.RAILINT_10ac1cf98a783c6bdb18657a1d32c8ed
                0x08006ec4       0x14 C:/Users/SeigoSakaki/SimplicityStudio/SDKs/gecko_sdk//platform/radio/rail_lib/autogen/librail_release/librail_efr32xg23_gcc_release.a(generic_phy.o)
                0x08006ec4                RAILINT_10ac1cf98a783c6bdb18657a1d32c8ed
 .text.RAILINT_dc675e4729ddc8fc4759ebbb1d4c3bce
                0x08006ed8       0x74 C:/Users/SeigoSakaki/SimplicityStudio/SDKs/gecko_sdk//platform/radio/rail_lib/autogen/librail_release/librail_efr32xg23_gcc_release.a(generic_phy.o)
                0x08006ed8                RAILINT_dc675e4729ddc8fc4759ebbb1d4c3bce
 .text.RAIL_Init
                0x08006f4c       0x4c C:/Users/SeigoSakaki/SimplicityStudio/SDKs/gecko_sdk//platform/radio/rail_lib/autogen/librail_release/librail_efr32xg23_gcc_release.a(rail_singleprotocol.o)
                0x08006f4c                RAIL_Init
 .text.RAIL_IsInitialized
                0x08006f98       0x10 C:/Users/SeigoSakaki/SimplicityStudio/SDKs/gecko_sdk//platform/radio/rail_lib/autogen/librail_release/librail_efr32xg23_gcc_release.a(rail_singleprotocol.o)
                0x08006f98                RAIL_IsInitialized
 .text.RAILINT_ba62dd308ed15b1ffe7bd5b874af6d40
                0x08006fa8       0x1c C:/Users/SeigoSakaki/SimplicityStudio/SDKs/gecko_sdk//platform/radio/rail_lib/autogen/librail_release/librail_efr32xg23_gcc_release.a(rail_rf.o)
 .text.RAILINT_0ca222f7a680788c307a2bad1be33ff3
                0x08006fc4       0x4c C:/Users/SeigoSakaki/SimplicityStudio/SDKs/gecko_sdk//platform/radio/rail_lib/autogen/librail_release/librail_efr32xg23_gcc_release.a(rail_rf.o)
                0x08006fc4                RAILINT_0ca222f7a680788c307a2bad1be33ff3
 .text.RAILINT_b352de1fdb1fc52c04c6a0cd55987236
                0x08007010       0x4c C:/Users/SeigoSakaki/SimplicityStudio/SDKs/gecko_sdk//platform/radio/rail_lib/autogen/librail_release/librail_efr32xg23_gcc_release.a(rail_rf.o)
                0x08007010                RAILINT_b352de1fdb1fc52c04c6a0cd55987236
 .text.RAILINT_ae1c971823300cdc95a697ee27859a7c
                0x0800705c       0x24 C:/Users/SeigoSakaki/SimplicityStudio/SDKs/gecko_sdk//platform/radio/rail_lib/autogen/librail_release/librail_efr32xg23_gcc_release.a(rail_rf.o)
                0x0800705c                RAILINT_ae1c971823300cdc95a697ee27859a7c
 .text.RAILINT_499a6fa84e713dbcc15223a1179c1579
                0x08007080       0x24 C:/Users/SeigoSakaki/SimplicityStudio/SDKs/gecko_sdk//platform/radio/rail_lib/autogen/librail_release/librail_efr32xg23_gcc_release.a(rail_rf.o)
                0x08007080                RAILINT_499a6fa84e713dbcc15223a1179c1579
 .text.RAIL_SetStateTiming
                0x080070a4       0x5c C:/Users/SeigoSakaki/SimplicityStudio/SDKs/gecko_sdk//platform/radio/rail_lib/autogen/librail_release/librail_efr32xg23_gcc_release.a(rail_rf.o)
                0x080070a4                RAIL_SetStateTiming
 .text.RAILINT_a414401b72e85e008bc59287e035ef41
                0x08007100      0x110 C:/Users/SeigoSakaki/SimplicityStudio/SDKs/gecko_sdk//platform/radio/rail_lib/autogen/librail_release/librail_efr32xg23_gcc_release.a(rail_rf.o)
                0x08007100                RAILINT_a414401b72e85e008bc59287e035ef41
 .text.RAILINT_eff06dff73e0f32be1552c4011c2dec9
                0x08007210      0x124 C:/Users/SeigoSakaki/SimplicityStudio/SDKs/gecko_sdk//platform/radio/rail_lib/autogen/librail_release/librail_efr32xg23_gcc_release.a(rail_rf.o)
                0x08007210                RAILINT_eff06dff73e0f32be1552c4011c2dec9
 .text.RAILINT_f6dbb0a8d6338735e61b94958eb4964b
                0x08007334       0x58 C:/Users/SeigoSakaki/SimplicityStudio/SDKs/gecko_sdk//platform/radio/rail_lib/autogen/librail_release/librail_efr32xg23_gcc_release.a(rail_rf.o)
                0x08007334                RAILINT_f6dbb0a8d6338735e61b94958eb4964b
 .text.RAIL_ConfigChannels
                0x0800738c       0x2c C:/Users/SeigoSakaki/SimplicityStudio/SDKs/gecko_sdk//platform/radio/rail_lib/autogen/librail_release/librail_efr32xg23_gcc_release.a(rail_rf.o)
                0x0800738c                RAIL_ConfigChannels
 .text.RAIL_GetTxPowerDbm
                0x080073b8       0x2c C:/Users/SeigoSakaki/SimplicityStudio/SDKs/gecko_sdk//platform/radio/rail_lib/autogen/librail_release/librail_efr32xg23_gcc_release.a(rail_tx.o)
                0x080073b8                RAIL_GetTxPowerDbm
 .text.RAIL_ConfigCal
                0x080073e4       0x14 C:/Users/SeigoSakaki/SimplicityStudio/SDKs/gecko_sdk//platform/radio/rail_lib/autogen/librail_release/librail_efr32xg23_gcc_release.a(rail_calibration.o)
                0x080073e4                RAIL_ConfigCal
 .text.RAILCb_SetupRxFifo
                0x080073f8       0x34 C:/Users/SeigoSakaki/SimplicityStudio/SDKs/gecko_sdk//platform/radio/rail_lib/autogen/librail_release/librail_efr32xg23_gcc_release.a(rail_data.o)
                0x080073f8                RAILCb_SetupRxFifo
 .text.RAILINT_205167ae842e22724c3f35c6430eeddb
                0x0800742c       0x2c C:/Users/SeigoSakaki/SimplicityStudio/SDKs/gecko_sdk//platform/radio/rail_lib/autogen/librail_release/librail_efr32xg23_gcc_release.a(rail_assert.o)
                0x0800742c                RAILINT_205167ae842e22724c3f35c6430eeddb
 .text.RAIL_ZWAVE_Init
                0x08007458       0x7c C:/Users/SeigoSakaki/SimplicityStudio/SDKs/gecko_sdk//platform/radio/rail_lib/autogen/librail_release/librail_efr32xg23_gcc_release.a(rail_zwave.o)
                0x08007458                RAIL_ZWAVE_Init
 .text.RAILINT_57fa2c163b50cc6661e10e0e7662afb8
                0x080074d4       0x1c C:/Users/SeigoSakaki/SimplicityStudio/SDKs/gecko_sdk//platform/radio/rail_lib/autogen/librail_release/librail_efr32xg23_gcc_release.a(rail_rf_hal.o)
 .text.RAILINT_cd2294a9b77625e0ea5276bdf2a90514
                0x080074f0       0x38 C:/Users/SeigoSakaki/SimplicityStudio/SDKs/gecko_sdk//platform/radio/rail_lib/autogen/librail_release/librail_efr32xg23_gcc_release.a(rail_rf_hal.o)
 .text.RAILINT_e48e5ee1b5d6f912f6e30e0897d40f5e
                0x08007528       0x38 C:/Users/SeigoSakaki/SimplicityStudio/SDKs/gecko_sdk//platform/radio/rail_lib/autogen/librail_release/librail_efr32xg23_gcc_release.a(rail_rf_hal.o)
 .text.RAILINT_2c0c7ba0065447faa0ab7205349f5d73
                0x08007560      0x130 C:/Users/SeigoSakaki/SimplicityStudio/SDKs/gecko_sdk//platform/radio/rail_lib/autogen/librail_release/librail_efr32xg23_gcc_release.a(rail_rf_hal.o)
                0x08007560                RAILINT_2c0c7ba0065447faa0ab7205349f5d73
 .text.RAILINT_2a4da4d01b26a7f90998f094ef0d126c
                0x08007690       0x84 C:/Users/SeigoSakaki/SimplicityStudio/SDKs/gecko_sdk//platform/radio/rail_lib/autogen/librail_release/librail_efr32xg23_gcc_release.a(rail_rf_hal.o)
                0x08007690                RAILINT_2a4da4d01b26a7f90998f094ef0d126c
 .text.RAILINT_ee8e30d6c3ef95b8e8dca03da7401c07
                0x08007714       0x20 C:/Users/SeigoSakaki/SimplicityStudio/SDKs/gecko_sdk//platform/radio/rail_lib/autogen/librail_release/librail_efr32xg23_gcc_release.a(rail_rf_hal.o)
                0x08007714                RAILINT_ee8e30d6c3ef95b8e8dca03da7401c07
 .text.RAILINT_4535ca1da65eed991e532282e16caa6e
                0x08007734       0x10 C:/Users/SeigoSakaki/SimplicityStudio/SDKs/gecko_sdk//platform/radio/rail_lib/autogen/librail_release/librail_efr32xg23_gcc_release.a(rail_rf_hal.o)
                0x08007734                RAILINT_4535ca1da65eed991e532282e16caa6e
 .text.RAILINT_4775d80a8fe4d9976ce86a6ec19b0158
                0x08007744       0x34 C:/Users/SeigoSakaki/SimplicityStudio/SDKs/gecko_sdk//platform/radio/rail_lib/autogen/librail_release/librail_efr32xg23_gcc_release.a(rail_rf_hal.o)
                0x08007744                RAILINT_4775d80a8fe4d9976ce86a6ec19b0158
 .text.RAILINT_788b3657c509a8fc304f09cc58d808a3
                0x08007778        0xc C:/Users/SeigoSakaki/SimplicityStudio/SDKs/gecko_sdk//platform/radio/rail_lib/autogen/librail_release/librail_efr32xg23_gcc_release.a(rail_rf_hal.o)
                0x08007778                RAILINT_788b3657c509a8fc304f09cc58d808a3
 .text.RAILINT_afeea334a0413e3fba4d9024b9c8696e
                0x08007784        0xc C:/Users/SeigoSakaki/SimplicityStudio/SDKs/gecko_sdk//platform/radio/rail_lib/autogen/librail_release/librail_efr32xg23_gcc_release.a(rail_rf_hal.o)
                0x08007784                RAILINT_afeea334a0413e3fba4d9024b9c8696e
 .text.RAILINT_99f0e717b1ae5f07aeace88464176fa9
                0x08007790       0xf0 C:/Users/SeigoSakaki/SimplicityStudio/SDKs/gecko_sdk//platform/radio/rail_lib/autogen/librail_release/librail_efr32xg23_gcc_release.a(rail_rf_hal.o)
                0x08007790                RAILINT_99f0e717b1ae5f07aeace88464176fa9
 .text.RAILINT_d02596bebc40577addedcb0f3fcccabb
                0x08007880       0x7c C:/Users/SeigoSakaki/SimplicityStudio/SDKs/gecko_sdk//platform/radio/rail_lib/autogen/librail_release/librail_efr32xg23_gcc_release.a(rail_rf_hal.o)
                0x08007880                RAILINT_d02596bebc40577addedcb0f3fcccabb
 .text.RAILINT_3339c86656af5bd3809fcaff6decfb50
                0x080078fc       0x34 C:/Users/SeigoSakaki/SimplicityStudio/SDKs/gecko_sdk//platform/radio/rail_lib/autogen/librail_release/librail_efr32xg23_gcc_release.a(rail_rf_hal.o)
                0x080078fc                RAILINT_3339c86656af5bd3809fcaff6decfb50
 .text.RAILINT_c1ee6010aaf86bbd071153c63f21d1bb
                0x08007930      0x120 C:/Users/SeigoSakaki/SimplicityStudio/SDKs/gecko_sdk//platform/radio/rail_lib/autogen/librail_release/librail_efr32xg23_gcc_release.a(rail_rf_hal.o)
                0x08007930                RAILINT_c1ee6010aaf86bbd071153c63f21d1bb
 .text.RAILINT_c232eb9695d8ec51969199511f1ffdbc
                0x08007a50       0x6c C:/Users/SeigoSakaki/SimplicityStudio/SDKs/gecko_sdk//platform/radio/rail_lib/autogen/librail_release/librail_efr32xg23_gcc_release.a(rail_rf_hal.o)
                0x08007a50                RAILINT_c232eb9695d8ec51969199511f1ffdbc
 .text.RAILINT_7bc23e10f52e56d9fc3392da3f1c2215
                0x08007abc       0x6c C:/Users/SeigoSakaki/SimplicityStudio/SDKs/gecko_sdk//platform/radio/rail_lib/autogen/librail_release/librail_efr32xg23_gcc_release.a(rail_rf_hal.o)
                0x08007abc                RAILINT_7bc23e10f52e56d9fc3392da3f1c2215
 .text.RAILINT_0d03c198f5f2a0e358f87f76b3e7eaa4
                0x08007b28       0xc8 C:/Users/SeigoSakaki/SimplicityStudio/SDKs/gecko_sdk//platform/radio/rail_lib/autogen/librail_release/librail_efr32xg23_gcc_release.a(rail_rf_hal.o)
                0x08007b28                RAILINT_0d03c198f5f2a0e358f87f76b3e7eaa4
 .text.RAILINT_cd62b828417e3475c6b58e9a311685cc
                0x08007bf0       0x58 C:/Users/SeigoSakaki/SimplicityStudio/SDKs/gecko_sdk//platform/radio/rail_lib/autogen/librail_release/librail_efr32xg23_gcc_release.a(rail_rf_hal.o)
                0x08007bf0                RAILINT_cd62b828417e3475c6b58e9a311685cc
 .text.RAILINT_63a89db964f651a01db7d72312883c55
                0x08007c48       0x9c C:/Users/SeigoSakaki/SimplicityStudio/SDKs/gecko_sdk//platform/radio/rail_lib/autogen/librail_release/librail_efr32xg23_gcc_release.a(rail_rf_hal.o)
                0x08007c48                RAILINT_63a89db964f651a01db7d72312883c55
 .text.RAILINT_b693f7d424389daf06cac15e5c7b8047
                0x08007ce4      0x218 C:/Users/SeigoSakaki/SimplicityStudio/SDKs/gecko_sdk//platform/radio/rail_lib/autogen/librail_release/librail_efr32xg23_gcc_release.a(rail_rf_hal.o)
                0x08007ce4                RAILINT_b693f7d424389daf06cac15e5c7b8047
 .text.RAILINT_f70b804705a044eb7f74093268741788
                0x08007efc       0x30 C:/Users/SeigoSakaki/SimplicityStudio/SDKs/gecko_sdk//platform/radio/rail_lib/autogen/librail_release/librail_efr32xg23_gcc_release.a(rail_rf_hal.o)
                0x08007efc                RAILINT_f70b804705a044eb7f74093268741788
 .text.RAILINT_2fd87bc1616c65bab5aaf8241d078d01
                0x08007f2c       0x4c C:/Users/SeigoSakaki/SimplicityStudio/SDKs/gecko_sdk//platform/radio/rail_lib/autogen/librail_release/librail_efr32xg23_gcc_release.a(rail_rf_hal.o)
                0x08007f2c                RAILINT_2fd87bc1616c65bab5aaf8241d078d01
 .text.RAILINT_304d05fa5f7ea83bae289f8245ef896e
                0x08007f78      0x2ac C:/Users/SeigoSakaki/SimplicityStudio/SDKs/gecko_sdk//platform/radio/rail_lib/autogen/librail_release/librail_efr32xg23_gcc_release.a(rail_rf_hal.o)
                0x08007f78                RAILINT_304d05fa5f7ea83bae289f8245ef896e
 .text.RAILINT_44f844fe44efb07ef80df95a956dc879
                0x08008224      0x124 C:/Users/SeigoSakaki/SimplicityStudio/SDKs/gecko_sdk//platform/radio/rail_lib/autogen/librail_release/librail_efr32xg23_gcc_release.a(rail_rf_hal.o)
                0x08008224                RAILINT_44f844fe44efb07ef80df95a956dc879
 .text.RAILINT_c95e9d4ad5fb39bdcaabe1c820867429
                0x08008348       0x28 C:/Users/SeigoSakaki/SimplicityStudio/SDKs/gecko_sdk//platform/radio/rail_lib/autogen/librail_release/librail_efr32xg23_gcc_release.a(rail_rf_hal.o)
                0x08008348                RAILINT_c95e9d4ad5fb39bdcaabe1c820867429
 .text.RAILINT_f70cad743ef3526a2ef7ac090e6c385a
                0x08008370       0xac C:/Users/SeigoSakaki/SimplicityStudio/SDKs/gecko_sdk//platform/radio/rail_lib/autogen/librail_release/librail_efr32xg23_gcc_release.a(rail_rf_hal.o)
                0x08008370                RAILINT_f70cad743ef3526a2ef7ac090e6c385a
 .text.RAILINT_232a85da35fb8aa0cd28c39542df9730
                0x0800841c       0xc0 C:/Users/SeigoSakaki/SimplicityStudio/SDKs/gecko_sdk//platform/radio/rail_lib/autogen/librail_release/librail_efr32xg23_gcc_release.a(rail_rf_hal.o)
                0x0800841c                RAILINT_232a85da35fb8aa0cd28c39542df9730
 .text.RAILINT_3209015e469febd3aebf12c10b838c78
                0x080084dc       0x40 C:/Users/SeigoSakaki/SimplicityStudio/SDKs/gecko_sdk//platform/radio/rail_lib/autogen/librail_release/librail_efr32xg23_gcc_release.a(rail_rf_hal.o)
                0x080084dc                RAILINT_3209015e469febd3aebf12c10b838c78
 .text.RAILINT_3e587e95c937431090ed1e304e004f0f
                0x0800851c       0x30 C:/Users/SeigoSakaki/SimplicityStudio/SDKs/gecko_sdk//platform/radio/rail_lib/autogen/librail_release/librail_efr32xg23_gcc_release.a(rail_rf_hal.o)
                0x0800851c                RAILINT_3e587e95c937431090ed1e304e004f0f
 .text.RAILINT_1debf3979df3644830aae43bd0f04ec3
                0x0800854c       0x18 C:/Users/SeigoSakaki/SimplicityStudio/SDKs/gecko_sdk//platform/radio/rail_lib/autogen/librail_release/librail_efr32xg23_gcc_release.a(rail_rf_hal.o)
                0x0800854c                RAILINT_1debf3979df3644830aae43bd0f04ec3
 .text.RAILINT_490352456bee2d873d71d168ce5d65c0
                0x08008564       0x14 C:/Users/SeigoSakaki/SimplicityStudio/SDKs/gecko_sdk//platform/radio/rail_lib/autogen/librail_release/librail_efr32xg23_gcc_release.a(rail_rf_hal.o)
                0x08008564                RAILINT_490352456bee2d873d71d168ce5d65c0
 .text.RAILINT_a4b57b9485a34098ab089f4c182a3c25
                0x08008578       0x48 C:/Users/SeigoSakaki/SimplicityStudio/SDKs/gecko_sdk//platform/radio/rail_lib/autogen/librail_release/librail_efr32xg23_gcc_release.a(rfhal_rac.o)
                0x08008578                RAILINT_a4b57b9485a34098ab089f4c182a3c25
 .text.RAILINT_18d623885a7822cbda696ea8d328c784
                0x080085c0       0x2c C:/Users/SeigoSakaki/SimplicityStudio/SDKs/gecko_sdk//platform/radio/rail_lib/autogen/librail_release/librail_efr32xg23_gcc_release.a(rfhal_rac.o)
                0x080085c0                RAILINT_18d623885a7822cbda696ea8d328c784
 .text.RAILINT_4bcf13a8aca9daa76feae0225ecd6008
                0x080085ec       0x38 C:/Users/SeigoSakaki/SimplicityStudio/SDKs/gecko_sdk//platform/radio/rail_lib/autogen/librail_release/librail_efr32xg23_gcc_release.a(rfhal_rac.o)
                0x080085ec                RAILINT_4bcf13a8aca9daa76feae0225ecd6008
 .text.RAILINT_1b746f3ea93637c79915c44f5de73025
                0x08008624       0x24 C:/Users/SeigoSakaki/SimplicityStudio/SDKs/gecko_sdk//platform/radio/rail_lib/autogen/librail_release/librail_efr32xg23_gcc_release.a(rail_mfm_rf_hal.o)
                0x08008624                RAILINT_1b746f3ea93637c79915c44f5de73025
 .text.RAILINT_c03e113233196af5eee162ec57747e37
                0x08008648       0x28 C:/Users/SeigoSakaki/SimplicityStudio/SDKs/gecko_sdk//platform/radio/rail_lib/autogen/librail_release/librail_efr32xg23_gcc_release.a(rail_mfm_rf_hal.o)
                0x08008648                RAILINT_c03e113233196af5eee162ec57747e37
 .text.RFECA_Configure
                0x08008670      0x454 C:/Users/SeigoSakaki/SimplicityStudio/SDKs/gecko_sdk//platform/radio/rail_lib/autogen/librail_release/librail_efr32xg23_gcc_release.a(rfhal_rfeca.o)
                0x08008670                RFECA_Configure
 .text.RFECA_StartCapture
                0x08008ac4       0x30 C:/Users/SeigoSakaki/SimplicityStudio/SDKs/gecko_sdk//platform/radio/rail_lib/autogen/librail_release/librail_efr32xg23_gcc_release.a(rfhal_rfeca.o)
                0x08008ac4                RFECA_StartCapture
 .text.RFECA_StartEventCounter
                0x08008af4       0x30 C:/Users/SeigoSakaki/SimplicityStudio/SDKs/gecko_sdk//platform/radio/rail_lib/autogen/librail_release/librail_efr32xg23_gcc_release.a(rfhal_rfeca.o)
                0x08008af4                RFECA_StartEventCounter
 .text.RFECA_SoftReset
                0x08008b24       0x4c C:/Users/SeigoSakaki/SimplicityStudio/SDKs/gecko_sdk//platform/radio/rail_lib/autogen/librail_release/librail_efr32xg23_gcc_release.a(rfhal_rfeca.o)
                0x08008b24                RFECA_SoftReset
 .text.RFECA_CommonHandler
                0x08008b70       0x3c C:/Users/SeigoSakaki/SimplicityStudio/SDKs/gecko_sdk//platform/radio/rail_lib/autogen/librail_release/librail_efr32xg23_gcc_release.a(rfhal_rfeca.o)
 .text.RFECA_Disable
                0x08008bac       0x88 C:/Users/SeigoSakaki/SimplicityStudio/SDKs/gecko_sdk//platform/radio/rail_lib/autogen/librail_release/librail_efr32xg23_gcc_release.a(rfhal_rfeca.o)
                0x08008bac                RFECA_Disable
 .text.RAILINT_37dcaf6b67da0fa3f13a9cf3e2b6a0ca
                0x08008c34       0x1c C:/Users/SeigoSakaki/SimplicityStudio/SDKs/gecko_sdk//platform/radio/rail_lib/autogen/librail_release/librail_efr32xg23_gcc_release.a(rfhal_module.o)
                0x08008c34                RAILINT_37dcaf6b67da0fa3f13a9cf3e2b6a0ca
 .text.RAILINT_72ff69444642d56e9a45aed09ca05444
                0x08008c50       0x7c C:/Users/SeigoSakaki/SimplicityStudio/SDKs/gecko_sdk//platform/radio/rail_lib/autogen/librail_release/librail_efr32xg23_gcc_release.a(rfhal_pti.o)
 .text.RAILINT_1a28987f80d88c2ee465192586a92d40
                0x08008ccc       0x24 C:/Users/SeigoSakaki/SimplicityStudio/SDKs/gecko_sdk//platform/radio/rail_lib/autogen/librail_release/librail_efr32xg23_gcc_release.a(rfhal_pti.o)
                0x08008ccc                RAILINT_1a28987f80d88c2ee465192586a92d40
 .text.RAILINT_c36d58880426266e9a928d6ac9ae9371
                0x08008cf0      0x128 C:/Users/SeigoSakaki/SimplicityStudio/SDKs/gecko_sdk//platform/radio/rail_lib/autogen/librail_release/librail_efr32xg23_gcc_release.a(rfhal_pti.o)
                0x08008cf0                RAILINT_c36d58880426266e9a928d6ac9ae9371
 .text.RAILINT_49c5c14759dc0ba43af578a042b7d568
                0x08008e18       0x94 C:/Users/SeigoSakaki/SimplicityStudio/SDKs/gecko_sdk//platform/radio/rail_lib/autogen/librail_release/librail_efr32xg23_gcc_release.a(rfhal_pti.o)
                0x08008e18                RAILINT_49c5c14759dc0ba43af578a042b7d568
 .text.PTI_AuxdataOutput
                0x08008eac       0x18 C:/Users/SeigoSakaki/SimplicityStudio/SDKs/gecko_sdk//platform/radio/rail_lib/autogen/librail_release/librail_efr32xg23_gcc_release.a(rfhal_pti.o)
                0x08008eac                PTI_AuxdataOutput
 .text.RAILINT_e37c2f8c4e95a72e70099c8f3fa2cfe4
                0x08008ec4       0x24 C:/Users/SeigoSakaki/SimplicityStudio/SDKs/gecko_sdk//platform/radio/rail_lib/autogen/librail_release/librail_efr32xg23_gcc_release.a(rfhal_rand.o)
                0x08008ec4                RAILINT_e37c2f8c4e95a72e70099c8f3fa2cfe4
 .text.SYSRTC_SEQ_IRQHandler
                0x08008ee8       0x14 C:/Users/SeigoSakaki/SimplicityStudio/SDKs/gecko_sdk//platform/radio/rail_lib/autogen/librail_release/librail_efr32xg23_gcc_release.a(rfhal_rtccsync.o)
                0x08008ee8                SYSRTC_SEQ_IRQHandler
 .text.RAILINT_d62c47c60070f7d2061fcf0c3d24567c
                0x08008efc       0x5c C:/Users/SeigoSakaki/SimplicityStudio/SDKs/gecko_sdk//platform/radio/rail_lib/autogen/librail_release/librail_efr32xg23_gcc_release.a(rfhal_signing.o)
 .text.RAILINT_4463d6f6b6fb2e6e6b41db55bfacda66
                0x08008f58       0x84 C:/Users/SeigoSakaki/SimplicityStudio/SDKs/gecko_sdk//platform/radio/rail_lib/autogen/librail_release/librail_efr32xg23_gcc_release.a(rfhal_signing.o)
 .text.RAILINT_91272c6016c25098e2fc431c1bd1fc37
                0x08008fdc       0xb0 C:/Users/SeigoSakaki/SimplicityStudio/SDKs/gecko_sdk//platform/radio/rail_lib/autogen/librail_release/librail_efr32xg23_gcc_release.a(rfhal_signing.o)
                0x08008fdc                RAILINT_91272c6016c25098e2fc431c1bd1fc37
 .text          0x0800908c       0x30 c:/siliconlabs/simplicitystudio/v5/developer/toolchains/gnu_arm/12.2.rel1_2023.7/bin/../lib/gcc/arm-none-eabi/12.2.1/thumb/v8-m.main+fp/hard\libgcc.a(_aeabi_uldivmod.o)
                0x0800908c                __aeabi_uldivmod
 .text.__udivmoddi4
                0x080090bc      0x2ec c:/siliconlabs/simplicitystudio/v5/developer/toolchains/gnu_arm/12.2.rel1_2023.7/bin/../lib/gcc/arm-none-eabi/12.2.1/thumb/v8-m.main+fp/hard\libgcc.a(_udivmoddi4.o)
                0x080090bc                __udivmoddi4
 .text          0x080093a8        0x4 c:/siliconlabs/simplicitystudio/v5/developer/toolchains/gnu_arm/12.2.rel1_2023.7/bin/../lib/gcc/arm-none-eabi/12.2.1/thumb/v8-m.main+fp/hard\libgcc.a(_dvmd_tls.o)
                0x080093a8                __aeabi_idiv0
                0x080093a8                __aeabi_ldiv0
 .text.exit     0x080093ac       0x24 c:/siliconlabs/simplicitystudio/v5/developer/toolchains/gnu_arm/12.2.rel1_2023.7/bin/../lib/gcc/arm-none-eabi/12.2.1/thumb/v8-m.main+fp/hard\libc_nano.a(libc_a-exit.o)
                0x080093ac                exit
 .text.std      0x080093d0       0x6c c:/siliconlabs/simplicitystudio/v5/developer/toolchains/gnu_arm/12.2.rel1_2023.7/bin/../lib/gcc/arm-none-eabi/12.2.1/thumb/v8-m.main+fp/hard\libc_nano.a(libc_a-findfp.o)
 .text.stdio_exit_handler
                0x0800943c       0x18 c:/siliconlabs/simplicitystudio/v5/developer/toolchains/gnu_arm/12.2.rel1_2023.7/bin/../lib/gcc/arm-none-eabi/12.2.1/thumb/v8-m.main+fp/hard\libc_nano.a(libc_a-findfp.o)
 .text.cleanup_stdio
                0x08009454       0x40 c:/siliconlabs/simplicitystudio/v5/developer/toolchains/gnu_arm/12.2.rel1_2023.7/bin/../lib/gcc/arm-none-eabi/12.2.1/thumb/v8-m.main+fp/hard\libc_nano.a(libc_a-findfp.o)
 .text.global_stdio_init.part.0
                0x08009494       0x3c c:/siliconlabs/simplicitystudio/v5/developer/toolchains/gnu_arm/12.2.rel1_2023.7/bin/../lib/gcc/arm-none-eabi/12.2.1/thumb/v8-m.main+fp/hard\libc_nano.a(libc_a-findfp.o)
 .text.__sfp_lock_acquire
                0x080094d0        0xc c:/siliconlabs/simplicitystudio/v5/developer/toolchains/gnu_arm/12.2.rel1_2023.7/bin/../lib/gcc/arm-none-eabi/12.2.1/thumb/v8-m.main+fp/hard\libc_nano.a(libc_a-findfp.o)
                0x080094d0                __sfp_lock_acquire
 .text.__sfp_lock_release
                0x080094dc        0xc c:/siliconlabs/simplicitystudio/v5/developer/toolchains/gnu_arm/12.2.rel1_2023.7/bin/../lib/gcc/arm-none-eabi/12.2.1/thumb/v8-m.main+fp/hard\libc_nano.a(libc_a-findfp.o)
                0x080094dc                __sfp_lock_release
 .text.__sinit  0x080094e8       0x30 c:/siliconlabs/simplicitystudio/v5/developer/toolchains/gnu_arm/12.2.rel1_2023.7/bin/../lib/gcc/arm-none-eabi/12.2.1/thumb/v8-m.main+fp/hard\libc_nano.a(libc_a-findfp.o)
                0x080094e8                __sinit
 .text.printf   0x08009518       0x24 c:/siliconlabs/simplicitystudio/v5/developer/toolchains/gnu_arm/12.2.rel1_2023.7/bin/../lib/gcc/arm-none-eabi/12.2.1/thumb/v8-m.main+fp/hard\libc_nano.a(libc_a-printf.o)
                0x08009518                iprintf
                0x08009518                printf
 .text.puts     0x0800953c       0x10 c:/siliconlabs/simplicitystudio/v5/developer/toolchains/gnu_arm/12.2.rel1_2023.7/bin/../lib/gcc/arm-none-eabi/12.2.1/thumb/v8-m.main+fp/hard\libc_nano.a(libc_a-puts.o)
                0x0800953c                puts
 .text.__swsetup_r
                0x0800954c       0xac c:/siliconlabs/simplicitystudio/v5/developer/toolchains/gnu_arm/12.2.rel1_2023.7/bin/../lib/gcc/arm-none-eabi/12.2.1/thumb/v8-m.main+fp/hard\libc_nano.a(libc_a-wsetup.o)
                0x0800954c                __swsetup_r
 .text._close_r
                0x080095f8       0x20 c:/siliconlabs/simplicitystudio/v5/developer/toolchains/gnu_arm/12.2.rel1_2023.7/bin/../lib/gcc/arm-none-eabi/12.2.1/thumb/v8-m.main+fp/hard\libc_nano.a(libc_a-closer.o)
                0x080095f8                _close_r
 .text._lseek_r
                0x08009618       0x24 c:/siliconlabs/simplicitystudio/v5/developer/toolchains/gnu_arm/12.2.rel1_2023.7/bin/../lib/gcc/arm-none-eabi/12.2.1/thumb/v8-m.main+fp/hard\libc_nano.a(libc_a-lseekr.o)
                0x08009618                _lseek_r
 .text._read_r  0x0800963c       0x24 c:/siliconlabs/simplicitystudio/v5/developer/toolchains/gnu_arm/12.2.rel1_2023.7/bin/../lib/gcc/arm-none-eabi/12.2.1/thumb/v8-m.main+fp/hard\libc_nano.a(libc_a-readr.o)
                0x0800963c                _read_r
 .text._write_r
                0x08009660       0x24 c:/siliconlabs/simplicitystudio/v5/developer/toolchains/gnu_arm/12.2.rel1_2023.7/bin/../lib/gcc/arm-none-eabi/12.2.1/thumb/v8-m.main+fp/hard\libc_nano.a(libc_a-writer.o)
                0x08009660                _write_r
 .text.__libc_init_array
                0x08009684       0x48 c:/siliconlabs/simplicitystudio/v5/developer/toolchains/gnu_arm/12.2.rel1_2023.7/bin/../lib/gcc/arm-none-eabi/12.2.1/thumb/v8-m.main+fp/hard\libc_nano.a(libc_a-init.o)
                0x08009684                __libc_init_array
 .text._free_r  0x080096cc       0x94 c:/siliconlabs/simplicitystudio/v5/developer/toolchains/gnu_arm/12.2.rel1_2023.7/bin/../lib/gcc/arm-none-eabi/12.2.1/thumb/v8-m.main+fp/hard\libc_nano.a(libc_a-freer.o)
                0x080096cc                _free_r
 .text.sbrk_aligned
                0x08009760       0x44 c:/siliconlabs/simplicitystudio/v5/developer/toolchains/gnu_arm/12.2.rel1_2023.7/bin/../lib/gcc/arm-none-eabi/12.2.1/thumb/v8-m.main+fp/hard\libc_nano.a(libc_a-mallocr.o)
 .text._malloc_r
                0x080097a4       0xf0 c:/siliconlabs/simplicitystudio/v5/developer/toolchains/gnu_arm/12.2.rel1_2023.7/bin/../lib/gcc/arm-none-eabi/12.2.1/thumb/v8-m.main+fp/hard\libc_nano.a(libc_a-mallocr.o)
                0x080097a4                _malloc_r
 .text.__malloc_lock
                0x08009894        0xc c:/siliconlabs/simplicitystudio/v5/developer/toolchains/gnu_arm/12.2.rel1_2023.7/bin/../lib/gcc/arm-none-eabi/12.2.1/thumb/v8-m.main+fp/hard\libc_nano.a(libc_a-mlock.o)
                0x08009894                __malloc_lock
 .text.__malloc_unlock
                0x080098a0        0xc c:/siliconlabs/simplicitystudio/v5/developer/toolchains/gnu_arm/12.2.rel1_2023.7/bin/../lib/gcc/arm-none-eabi/12.2.1/thumb/v8-m.main+fp/hard\libc_nano.a(libc_a-mlock.o)
                0x080098a0                __malloc_unlock
 .text._vfprintf_r
                0x080098ac      0x230 c:/siliconlabs/simplicitystudio/v5/developer/toolchains/gnu_arm/12.2.rel1_2023.7/bin/../lib/gcc/arm-none-eabi/12.2.1/thumb/v8-m.main+fp/hard\libc_nano.a(libc_a-nano-vfprintf.o)
                0x080098ac                _vfprintf_r
                0x080098ac                _vfiprintf_r
 .text._printf_i
                0x08009adc      0x258 c:/siliconlabs/simplicitystudio/v5/developer/toolchains/gnu_arm/12.2.rel1_2023.7/bin/../lib/gcc/arm-none-eabi/12.2.1/thumb/v8-m.main+fp/hard\libc_nano.a(libc_a-nano-vfprintf_i.o)
                0x08009adc                _printf_i
 .text._fstat_r
                0x08009d34       0x24 c:/siliconlabs/simplicitystudio/v5/developer/toolchains/gnu_arm/12.2.rel1_2023.7/bin/../lib/gcc/arm-none-eabi/12.2.1/thumb/v8-m.main+fp/hard\libc_nano.a(libc_a-fstatr.o)
                0x08009d34                _fstat_r
 .text._isatty_r
                0x08009d58       0x20 c:/siliconlabs/simplicitystudio/v5/developer/toolchains/gnu_arm/12.2.rel1_2023.7/bin/../lib/gcc/arm-none-eabi/12.2.1/thumb/v8-m.main+fp/hard\libc_nano.a(libc_a-isattyr.o)
                0x08009d58                _isatty_r
 .text._sbrk_r  0x08009d78       0x20 c:/siliconlabs/simplicitystudio/v5/developer/toolchains/gnu_arm/12.2.rel1_2023.7/bin/../lib/gcc/arm-none-eabi/12.2.1/thumb/v8-m.main+fp/hard\libc_nano.a(libc_a-sbrkr.o)
                0x08009d78                _sbrk_r
 .text.sl_rail_util_on_event
                0x08009d98        0x2 ./app_process.o
                0x08009d98                sl_rail_util_on_event
 .text.RAILCb_ConfigFrameTypeLength
                0x08009d9a        0x2 ./autogen/rail_config.o
                0x08009d9a                RAILCb_ConfigFrameTypeLength
 .text.sl_platform_init
                0x08009d9c       0x1c ./autogen/sl_event_handler.o
                0x08009d9c                sl_platform_init
 .text.sl_driver_init
                0x08009db8        0xc ./autogen/sl_event_handler.o
                0x08009db8                sl_driver_init
 .text.sl_stack_init
                0x08009dc4       0x14 ./autogen/sl_event_handler.o
                0x08009dc4                sl_stack_init
 .text.sl_internal_app_init
                0x08009dd8        0x2 ./autogen/sl_event_handler.o
                0x08009dd8                sl_internal_app_init
 .text.sl_platform_process_action
                0x08009dda        0x2 ./autogen/sl_event_handler.o
                0x08009dda                sl_platform_process_action
 .text.sl_service_process_action
                0x08009ddc        0x2 ./autogen/sl_event_handler.o
                0x08009ddc                sl_service_process_action
 .text.sl_stack_process_action
                0x08009dde        0x2 ./autogen/sl_event_handler.o
                0x08009dde                sl_stack_process_action
 .text.sl_internal_app_process_action
                0x08009de0        0x2 ./autogen/sl_event_handler.o
                0x08009de0                sl_internal_app_process_action
 .text.sl_iostream_init_instances
                0x08009de2        0x8 ./autogen/sl_event_handler.o
                0x08009de2                sl_iostream_init_instances
 .text.sl_service_init
                0x08009dea       0x10 ./autogen/sl_event_handler.o
                0x08009dea                sl_service_init
 .text.sl_iostream_eusart_init_instances
                0x08009dfa        0x8 ./autogen/sl_iostream_init_eusart_instances.o
                0x08009dfa                sl_iostream_eusart_init_instances
 .text.sl_rail_util_on_assert_failed
                0x08009e02        0x2 ./autogen/sl_rail_util_callbacks.o
                0x08009e02                sl_rail_util_on_assert_failed
 .text.RAILCb_AssertFailed
                0x08009e04        0x8 ./autogen/sl_rail_util_callbacks.o
                0x08009e04                RAILCb_AssertFailed
 .text.sl_rail_util_on_rf_ready
                0x08009e0c        0x2 ./autogen/sl_rail_util_callbacks.o
                0x08009e0c                sl_rail_util_on_rf_ready
 .text.sli_rail_util_on_rf_ready
                0x08009e0e        0x8 ./autogen/sl_rail_util_callbacks.o
                0x08009e0e                sli_rail_util_on_rf_ready
 .text.sl_rail_util_on_channel_config_change
                0x08009e16        0x2 ./autogen/sl_rail_util_callbacks.o
                0x08009e16                sl_rail_util_on_channel_config_change
 .text.sli_rail_util_on_channel_config_change
                0x08009e18       0x14 ./autogen/sl_rail_util_callbacks.o
                0x08009e18                sli_rail_util_on_channel_config_change
 .text.sli_rail_util_on_event
                0x08009e2c        0x8 ./autogen/sl_rail_util_callbacks.o
                0x08009e2c                sli_rail_util_on_event
 .text.sl_rail_util_init
                0x08009e34        0x8 ./autogen/sl_rail_util_init.o
                0x08009e34                sl_rail_util_init
 .text.Default_Handler
                0x08009e3c        0x2 ./gecko_sdk_4.4.6/platform/Device/SiliconLabs/EFR32FG23/Source/startup_efr32fg23.o